// Vitest Snapshot v1, https://vitest.dev/guide/snapshot.html

exports[`AgreementVerifiedAttributesSection > should match snapshot when e-service does not require verified attributes 1`] = `
<body>
  <div />
</body>
`;

exports[`AgreementVerifiedAttributesSection > should match snapshot when e-service requires verified attributes 1`] = `
<body>
  <div>
    <section
      class="MuiPaper-root MuiPaper-elevation MuiPaper-rounded MuiPaper-elevation1 css-1od456z-MuiPaper-root"
    >
      <div
        class="MuiStack-root css-jfdv4h-MuiStack-root"
      >
        <div
          class="MuiStack-root css-3y1137-MuiStack-root"
        >
          <h3
            class="MuiTypography-root MuiTypography-sidenav css-37jdci-MuiTypography-root"
          >
            verified.label
          </h3>
        </div>
        <p
          class="MuiTypography-root MuiTypography-body2 css-r40f8v-MuiTypography-root"
        >
          verified.description
        </p>
      </div>
      <div
        class="MuiBox-root css-1yuhvjn"
      >
        <div
          class="MuiStack-root css-1sazv7p-MuiStack-root"
        >
          <div
            class="MuiPaper-root MuiPaper-elevation MuiPaper-rounded MuiPaper-elevation1 MuiCard-root css-bj42sx-MuiPaper-root-MuiCard-root"
          >
            <div
              class="MuiCardHeader-root css-1g82uv9-MuiCardHeader-root"
            >
              <div
                class="MuiCardHeader-content css-1qbkelo-MuiCardHeader-content"
              >
                <span
                  class="MuiTypography-root MuiTypography-body1 MuiCardHeader-title css-153kzzj-MuiTypography-root"
                >
                  group.manage.success.provider
                </span>
              </div>
            </div>
            <div
              class="MuiCardContent-root css-1jqdwvk-MuiCardContent-root"
            >
              <ul
                class="MuiStack-root css-slre3t-MuiStack-root"
              >
                <div
                  class="MuiStack-root css-1sos3zc-MuiStack-root"
                >
                  <div
                    class="MuiStack-root css-1sos3zc-MuiStack-root"
                  >
                    <svg
                      aria-hidden="true"
                      class="MuiSvgIcon-root MuiSvgIcon-fontSizeMedium css-4b67si-MuiSvgIcon-root"
                      data-testid="CheckCircleIcon"
                      focusable="false"
                      viewBox="0 0 24 24"
                    >
                      <path
                        d="M12 2C6.48 2 2 6.48 2 12s4.48 10 10 10 10-4.48 10-10S17.52 2 12 2zm-2 15-5-5 1.41-1.41L10 14.17l7.59-7.59L19 8l-9 9z"
                      />
                    </svg>
                  </div>
                  <div
                    class="MuiPaper-root MuiPaper-elevation MuiPaper-rounded MuiPaper-elevation1 MuiCard-root css-xr63ld-MuiPaper-root-MuiCard-root"
                  >
                    <div
                      class="MuiPaper-root MuiPaper-elevation MuiPaper-rounded MuiPaper-elevation1 MuiAccordion-root MuiAccordion-rounded css-1byhwgv-MuiPaper-root-MuiAccordion-root"
                    >
                      <div
                        aria-controls=":r1:"
                        aria-expanded="false"
                        class="MuiButtonBase-root MuiAccordionSummary-root css-1pvvkxv-MuiButtonBase-root-MuiAccordionSummary-root"
                        id=":r2:"
                        role="button"
                        tabindex="0"
                      >
                        <div
                          class="MuiAccordionSummary-content css-1betqn-MuiAccordionSummary-content"
                        >
                          <p
                            class="MuiTypography-root MuiTypography-body1 css-1qqynwt-MuiTypography-root"
                          >
                            Attribute Name
                          </p>
                        </div>
                        <div
                          class="MuiAccordionSummary-expandIconWrapper css-yw020d-MuiAccordionSummary-expandIconWrapper"
                        >
                          <svg
                            aria-hidden="true"
                            class="MuiSvgIcon-root MuiSvgIcon-fontSizeMedium css-i4bv87-MuiSvgIcon-root"
                            data-testid="ExpandMoreIcon"
                            focusable="false"
                            viewBox="0 0 24 24"
                          >
                            <path
                              d="M16.59 8.59 12 13.17 7.41 8.59 6 10l6 6 6-6z"
                            />
                          </svg>
                        </div>
                      </div>
                      <div
                        class="MuiCollapse-root MuiCollapse-vertical MuiCollapse-hidden css-bz4dnt-MuiCollapse-root"
                        style="min-height: 0px;"
                      >
                        <div
                          class="MuiCollapse-wrapper MuiCollapse-vertical css-smkl36-MuiCollapse-wrapper"
                        >
                          <div
                            class="MuiCollapse-wrapperInner MuiCollapse-vertical css-9l5vo-MuiCollapse-wrapperInner"
                          >
                            <div
                              aria-labelledby=":r2:"
                              class="MuiAccordion-region"
                              id=":r1:"
                              role="region"
                            >
                              <div
                                class="MuiAccordionDetails-root css-15v22id-MuiAccordionDetails-root"
                              />
                            </div>
                          </div>
                        </div>
                      </div>
                    </div>
                  </div>
                </div>
                <div
                  class="MuiStack-root css-1sos3zc-MuiStack-root"
                >
                  <div
                    class="MuiStack-root css-1sos3zc-MuiStack-root"
                  />
                  <div
                    class="MuiPaper-root MuiPaper-elevation MuiPaper-rounded MuiPaper-elevation1 MuiCard-root css-xr63ld-MuiPaper-root-MuiCard-root"
                  >
                    <div
                      class="MuiPaper-root MuiPaper-elevation MuiPaper-rounded MuiPaper-elevation1 MuiAccordion-root MuiAccordion-rounded css-1byhwgv-MuiPaper-root-MuiAccordion-root"
                    >
                      <div
                        aria-controls=":r3:"
                        aria-expanded="false"
                        class="MuiButtonBase-root MuiAccordionSummary-root css-1pvvkxv-MuiButtonBase-root-MuiAccordionSummary-root"
                        id=":r4:"
                        role="button"
                        tabindex="0"
                      >
                        <div
                          class="MuiAccordionSummary-content css-1betqn-MuiAccordionSummary-content"
                        >
                          <p
                            class="MuiTypography-root MuiTypography-body1 css-1qqynwt-MuiTypography-root"
                          >
                            Attribute Name
                          </p>
                        </div>
                        <div
                          class="MuiAccordionSummary-expandIconWrapper css-yw020d-MuiAccordionSummary-expandIconWrapper"
                        >
                          <svg
                            aria-hidden="true"
                            class="MuiSvgIcon-root MuiSvgIcon-fontSizeMedium css-i4bv87-MuiSvgIcon-root"
                            data-testid="ExpandMoreIcon"
                            focusable="false"
                            viewBox="0 0 24 24"
                          >
                            <path
                              d="M16.59 8.59 12 13.17 7.41 8.59 6 10l6 6 6-6z"
                            />
                          </svg>
                        </div>
                      </div>
                      <div
                        class="MuiCollapse-root MuiCollapse-vertical MuiCollapse-hidden css-bz4dnt-MuiCollapse-root"
                        style="min-height: 0px;"
                      >
                        <div
                          class="MuiCollapse-wrapper MuiCollapse-vertical css-smkl36-MuiCollapse-wrapper"
                        >
                          <div
                            class="MuiCollapse-wrapperInner MuiCollapse-vertical css-9l5vo-MuiCollapse-wrapperInner"
                          >
                            <div
                              aria-labelledby=":r4:"
                              class="MuiAccordion-region"
                              id=":r3:"
                              role="region"
                            >
                              <div
                                class="MuiAccordionDetails-root css-15v22id-MuiAccordionDetails-root"
                              />
                            </div>
                          </div>
                        </div>
                      </div>
                    </div>
                  </div>
                </div>
              </ul>
            </div>
          </div>
          <div
            class="MuiPaper-root MuiPaper-elevation MuiPaper-rounded MuiPaper-elevation1 MuiCard-root css-dxqih4-MuiPaper-root-MuiCard-root"
          >
            <div
              class="MuiCardHeader-root css-97snmn-MuiCardHeader-root"
            >
              <div
                class="MuiCardHeader-content css-1qbkelo-MuiCardHeader-content"
              >
                <span
                  class="MuiTypography-root MuiTypography-body1 MuiCardHeader-title css-153kzzj-MuiTypography-root"
                >
                  group.manage.warning.verified.provider
                </span>
              </div>
            </div>
            <div
              class="MuiCardContent-root css-1jqdwvk-MuiCardContent-root"
            >
              <ul
                class="MuiStack-root css-slre3t-MuiStack-root"
              >
                <div
                  class="MuiStack-root css-1sos3zc-MuiStack-root"
                >
                  <div
                    class="MuiStack-root css-1sos3zc-MuiStack-root"
                  />
                  <div
                    class="MuiPaper-root MuiPaper-elevation MuiPaper-rounded MuiPaper-elevation1 MuiCard-root css-xr63ld-MuiPaper-root-MuiCard-root"
                  >
                    <div
                      class="MuiPaper-root MuiPaper-elevation MuiPaper-rounded MuiPaper-elevation1 MuiAccordion-root MuiAccordion-rounded css-1byhwgv-MuiPaper-root-MuiAccordion-root"
                    >
                      <div
                        aria-controls=":r5:"
                        aria-expanded="false"
                        class="MuiButtonBase-root MuiAccordionSummary-root css-1pvvkxv-MuiButtonBase-root-MuiAccordionSummary-root"
                        id=":r6:"
                        role="button"
                        tabindex="0"
                      >
                        <div
                          class="MuiAccordionSummary-content css-1betqn-MuiAccordionSummary-content"
                        >
                          <p
                            class="MuiTypography-root MuiTypography-body1 css-1qqynwt-MuiTypography-root"
                          >
                            Attribute Name
                          </p>
                        </div>
                        <div
                          class="MuiAccordionSummary-expandIconWrapper css-yw020d-MuiAccordionSummary-expandIconWrapper"
                        >
                          <svg
                            aria-hidden="true"
                            class="MuiSvgIcon-root MuiSvgIcon-fontSizeMedium css-i4bv87-MuiSvgIcon-root"
                            data-testid="ExpandMoreIcon"
                            focusable="false"
                            viewBox="0 0 24 24"
                          >
                            <path
                              d="M16.59 8.59 12 13.17 7.41 8.59 6 10l6 6 6-6z"
                            />
                          </svg>
                        </div>
                      </div>
                      <div
                        class="MuiCollapse-root MuiCollapse-vertical MuiCollapse-hidden css-bz4dnt-MuiCollapse-root"
                        style="min-height: 0px;"
                      >
                        <div
                          class="MuiCollapse-wrapper MuiCollapse-vertical css-smkl36-MuiCollapse-wrapper"
                        >
                          <div
                            class="MuiCollapse-wrapperInner MuiCollapse-vertical css-9l5vo-MuiCollapse-wrapperInner"
                          >
                            <div
                              aria-labelledby=":r6:"
                              class="MuiAccordion-region"
                              id=":r5:"
                              role="region"
                            >
                              <div
                                class="MuiAccordionDetails-root css-15v22id-MuiAccordionDetails-root"
                              />
                            </div>
                          </div>
                        </div>
                      </div>
                    </div>
                  </div>
                </div>
                <div
                  class="MuiStack-root css-1sos3zc-MuiStack-root"
                >
                  <div
                    class="MuiStack-root css-1sos3zc-MuiStack-root"
                  />
                  <div
                    class="MuiPaper-root MuiPaper-elevation MuiPaper-rounded MuiPaper-elevation1 MuiCard-root css-xr63ld-MuiPaper-root-MuiCard-root"
                  >
                    <div
                      class="MuiPaper-root MuiPaper-elevation MuiPaper-rounded MuiPaper-elevation1 MuiAccordion-root MuiAccordion-rounded css-1byhwgv-MuiPaper-root-MuiAccordion-root"
                    >
                      <div
                        aria-controls=":r7:"
                        aria-expanded="false"
                        class="MuiButtonBase-root MuiAccordionSummary-root css-1pvvkxv-MuiButtonBase-root-MuiAccordionSummary-root"
                        id=":r8:"
                        role="button"
                        tabindex="0"
                      >
                        <div
                          class="MuiAccordionSummary-content css-1betqn-MuiAccordionSummary-content"
                        >
                          <p
                            class="MuiTypography-root MuiTypography-body1 css-1qqynwt-MuiTypography-root"
                          >
                            Attribute Name
                          </p>
                        </div>
                        <div
                          class="MuiAccordionSummary-expandIconWrapper css-yw020d-MuiAccordionSummary-expandIconWrapper"
                        >
                          <svg
                            aria-hidden="true"
                            class="MuiSvgIcon-root MuiSvgIcon-fontSizeMedium css-i4bv87-MuiSvgIcon-root"
                            data-testid="ExpandMoreIcon"
                            focusable="false"
                            viewBox="0 0 24 24"
                          >
                            <path
                              d="M16.59 8.59 12 13.17 7.41 8.59 6 10l6 6 6-6z"
                            />
                          </svg>
                        </div>
                      </div>
                      <div
                        class="MuiCollapse-root MuiCollapse-vertical MuiCollapse-hidden css-bz4dnt-MuiCollapse-root"
                        style="min-height: 0px;"
                      >
                        <div
                          class="MuiCollapse-wrapper MuiCollapse-vertical css-smkl36-MuiCollapse-wrapper"
                        >
                          <div
                            class="MuiCollapse-wrapperInner MuiCollapse-vertical css-9l5vo-MuiCollapse-wrapperInner"
                          >
                            <div
                              aria-labelledby=":r8:"
                              class="MuiAccordion-region"
                              id=":r7:"
                              role="region"
                            >
                              <div
                                class="MuiAccordionDetails-root css-15v22id-MuiAccordionDetails-root"
                              />
                            </div>
                          </div>
                        </div>
                      </div>
                    </div>
                  </div>
                </div>
              </ul>
            </div>
          </div>
        </div>
      </div>
    </section>
  </div>
</body>
`;
