// Vitest Snapshot v1, https://vitest.dev/guide/snapshot.html

exports[`PurposeCreateEServiceForm > should match snapshot 1`] = `
<body>
  <div>
    <form
      class="MuiBox-root css-0"
      novalidate=""
    >
      <div
        class="MuiGrid-root MuiGrid-container css-11lq3yg-MuiGrid-root"
      >
        <div
          class="MuiGrid-root MuiGrid-item MuiGrid-grid-xs-8 css-vok43g-MuiGrid-root"
        >
          <div
            class="MuiPaper-root MuiPaper-elevation MuiPaper-rounded MuiPaper-elevation1 css-1w5x330-MuiPaper-root"
          >
            <div
              class="css-1okj3ks-MuiStack-root"
            />
            <div
              class="MuiBox-root css-zv7ju9"
            >
              <div
                class="MuiBox-root css-1mgrf5c"
              >
                <div
                  class="MuiAutocomplete-root MuiAutocomplete-hasClearIcon MuiAutocomplete-hasPopupIcon css-l3ln04-MuiAutocomplete-root"
                >
                  <div
                    class="MuiFormControl-root MuiFormControl-fullWidth MuiTextField-root css-wb57ya-MuiFormControl-root-MuiTextField-root"
                  >
                    <label
                      class="MuiFormLabel-root MuiInputLabel-root MuiInputLabel-formControl MuiInputLabel-animated MuiInputLabel-shrink MuiInputLabel-outlined MuiFormLabel-colorPrimary MuiFormLabel-filled MuiInputLabel-root MuiInputLabel-formControl MuiInputLabel-animated MuiInputLabel-shrink MuiInputLabel-outlined css-1sumxir-MuiFormLabel-root-MuiInputLabel-root"
                      data-shrink="true"
                      for=":r0:"
                      id=":r0:-label"
                    >
                      create.eserviceField.label
                    </label>
                    <div
                      class="MuiInputBase-root MuiOutlinedInput-root MuiInputBase-colorPrimary MuiInputBase-fullWidth MuiInputBase-formControl MuiInputBase-adornedEnd MuiAutocomplete-inputRoot css-154xyx0-MuiInputBase-root-MuiOutlinedInput-root"
                    >
                      <input
                        aria-autocomplete="list"
                        aria-expanded="false"
                        aria-invalid="false"
                        autocapitalize="none"
                        autocomplete="off"
                        class="MuiInputBase-input MuiOutlinedInput-input MuiInputBase-inputAdornedEnd MuiAutocomplete-input MuiAutocomplete-inputFocused css-nxo287-MuiInputBase-input-MuiOutlinedInput-input"
                        id=":r0:"
                        placeholder="..."
                        role="combobox"
                        spellcheck="false"
                        type="text"
                        value="e-service name edit.eserviceProvider producer name"
                      />
                      <div
                        class="MuiAutocomplete-endAdornment css-1q60rmi-MuiAutocomplete-endAdornment"
                      >
                        <button
                          aria-label="Clear"
                          class="MuiButtonBase-root MuiIconButton-root MuiIconButton-sizeMedium MuiAutocomplete-clearIndicator css-1glvl0p-MuiButtonBase-root-MuiIconButton-root-MuiAutocomplete-clearIndicator"
                          tabindex="-1"
                          title="Clear"
                          type="button"
                        >
                          <svg
                            aria-hidden="true"
                            class="MuiSvgIcon-root MuiSvgIcon-fontSizeSmall css-ptiqhd-MuiSvgIcon-root"
                            data-testid="CloseIcon"
                            focusable="false"
                            viewBox="0 0 24 24"
                          >
                            <path
                              d="M19 6.41L17.59 5 12 10.59 6.41 5 5 6.41 10.59 12 5 17.59 6.41 19 12 13.41 17.59 19 19 17.59 13.41 12z"
                            />
                          </svg>
                          <span
                            class="MuiTouchRipple-root css-8je8zh-MuiTouchRipple-root"
                          />
                        </button>
                        <button
                          aria-label="Open"
                          class="MuiButtonBase-root MuiIconButton-root MuiIconButton-sizeMedium MuiAutocomplete-popupIndicator css-qzbt6i-MuiButtonBase-root-MuiIconButton-root-MuiAutocomplete-popupIndicator"
                          tabindex="-1"
                          title="Open"
                          type="button"
                        >
                          <svg
                            aria-hidden="true"
                            class="MuiSvgIcon-root MuiSvgIcon-fontSizeMedium css-i4bv87-MuiSvgIcon-root"
                            data-testid="ArrowDropDownIcon"
                            focusable="false"
                            viewBox="0 0 24 24"
                          >
                            <path
                              d="M7 10l5 5 5-5z"
                            />
                          </svg>
                          <span
                            class="MuiTouchRipple-root css-8je8zh-MuiTouchRipple-root"
                          />
                        </button>
                      </div>
                      <fieldset
                        aria-hidden="true"
                        class="MuiOutlinedInput-notchedOutline css-1d3z3hw-MuiOutlinedInput-notchedOutline"
                      >
                        <legend
                          class="css-14lo706"
                        >
                          <span>
                            create.eserviceField.label
                          </span>
                        </legend>
                      </fieldset>
                    </div>
                  </div>
                </div>
              </div>
              <div
                class="MuiBox-root css-zitybv"
              >
                <label
                  class="MuiFormLabel-root MuiFormLabel-colorPrimary css-l38uzw-MuiFormLabel-root"
                >
                  <span
                    class="MuiTypography-root MuiTypography-body1 css-ahj2mt-MuiTypography-root"
                  >
                    create.isTemplateField.label
                  </span>
                  <div
                    class="MuiBox-root css-0"
                  >
                    <span
                      class="MuiSwitch-root MuiSwitch-sizeMedium css-julti5-MuiSwitch-root"
                    >
                      <span
                        class="MuiButtonBase-root MuiSwitch-switchBase MuiSwitch-colorPrimary PrivateSwitchBase-root MuiSwitch-switchBase MuiSwitch-colorPrimary css-5ryogn-MuiButtonBase-root-MuiSwitch-switchBase"
                      >
                        <input
                          class="PrivateSwitchBase-input MuiSwitch-input css-1m9pwf3"
                          name="useTemplate"
                          type="checkbox"
                        />
                        <span
                          class="MuiSwitch-thumb css-jsexje-MuiSwitch-thumb"
                        />
                        <span
                          class="MuiTouchRipple-root css-8je8zh-MuiTouchRipple-root"
                        />
                      </span>
                      <span
                        class="MuiSwitch-track css-1yjjitx-MuiSwitch-track"
                      />
                    </span>
                  </div>
                </label>
              </div>
            </div>
          </div>
        </div>
      </div>
      <div
        class="css-fhd9dx-MuiStack-root"
      >
        <button
          class="MuiButtonBase-root MuiButton-root MuiButton-outlined MuiButton-outlinedPrimary MuiButton-sizeMedium MuiButton-outlinedSizeMedium MuiButton-root MuiButton-outlined MuiButton-outlinedPrimary MuiButton-sizeMedium MuiButton-outlinedSizeMedium css-1rwt2y5-MuiButtonBase-root-MuiButton-root"
          tabindex="0"
          type="button"
        >
          create.backToListBtn
          <span
            class="MuiTouchRipple-root css-8je8zh-MuiTouchRipple-root"
          />
        </button>
        <button
          class="MuiButtonBase-root MuiButton-root MuiButton-contained MuiButton-containedPrimary MuiButton-sizeMedium MuiButton-containedSizeMedium MuiButton-root MuiButton-contained MuiButton-containedPrimary MuiButton-sizeMedium MuiButton-containedSizeMedium css-sghohy-MuiButtonBase-root-MuiButton-root"
          tabindex="0"
          type="submit"
        >
          create.createNewPurposeBtn
          <span
            class="MuiTouchRipple-root css-8je8zh-MuiTouchRipple-root"
          />
        </button>
      </div>
    </form>
  </div>
</body>
`;
