// Jest Snapshot v1, https://goo.gl/fbAQLP

exports[`Snapshot matches button (1) 1`] = `null`;

exports[`Snapshot matches button (2) 1`] = `
<button
  aria-controls="basic-menu-0"
  aria-haspopup="true"
  className="MuiButton-root MuiButton-text MuiButton-textPrimary MuiButton-sizeMedium MuiButton-textSizeMedium MuiButtonBase-root  css-1e6y48t-MuiButtonBase-root-MuiButton-root"
  disabled={false}
  id="basic-button-0"
  onBlur={[Function]}
  onClick={[Function]}
  onContextMenu={[Function]}
  onDragLeave={[Function]}
  onFocus={[Function]}
  onKeyDown={[Function]}
  onKeyUp={[Function]}
  onMouseDown={[Function]}
  onMouseLeave={[Function]}
  onMouseUp={[Function]}
  onTouchEnd={[Function]}
  onTouchMove={[Function]}
  onTouchStart={[Function]}
  tabIndex={0}
  type="button"
>
  <span>
    <svg
      aria-hidden={true}
      className="MuiSvgIcon-root MuiSvgIcon-colorPrimary MuiSvgIcon-fontSizeMedium css-ci5apu-MuiSvgIcon-root"
      data-testid="MoreVertIcon"
      focusable="false"
      viewBox="0 0 24 24"
    >
      <path
        d="M12 8c1.1 0 2-.9 2-2s-.9-2-2-2-2 .9-2 2 .9 2 2 2zm0 2c-1.1 0-2 .9-2 2s.9 2 2 2 2-.9 2-2-.9-2-2-2zm0 6c-1.1 0-2 .9-2 2s.9 2 2 2 2-.9 2-2-.9-2-2-2z"
      />
    </svg>
  </span>
</button>
`;
