// Vitest Snapshot v1, https://vitest.dev/guide/snapshot.html

exports[`Checks that StepActions snapshots didn't change > renders StepActions with back button 1`] = `
<body>
  <div>
    <div
      class="css-9v4aab-MuiStack-root"
    >
      <button
        class="MuiButtonBase-root MuiButton-root MuiButton-outlined MuiButton-outlinedPrimary MuiButton-sizeMedium MuiButton-outlinedSizeMedium MuiButton-root MuiButton-outlined MuiButton-outlinedPrimary MuiButton-sizeMedium MuiButton-outlinedSizeMedium css-1rwt2y5-MuiButtonBase-root-MuiButton-root"
        tabindex="0"
        type="button"
      >
        label
        <span
          class="MuiTouchRipple-root css-8je8zh-MuiTouchRipple-root"
        />
      </button>
    </div>
  </div>
</body>
`;

exports[`Checks that StepActions snapshots didn't change > renders StepActions with back link  1`] = `
<body>
  <div>
    <div
      class="css-9v4aab-MuiStack-root"
    >
      <a
        class="MuiTypography-root MuiTypography-inherit MuiLink-root MuiLink-underlineAlways MuiButtonBase-root MuiButton-root MuiButton-outlined MuiButton-outlinedPrimary MuiButton-sizeMedium MuiButton-outlinedSizeMedium MuiButton-root MuiButton-outlined MuiButton-outlinedPrimary MuiButton-sizeMedium MuiButton-outlinedSizeMedium css-i4i1vz-MuiTypography-root-MuiLink-root-MuiButtonBase-root-MuiButton-root"
        href="/it/termini-di-servizio"
        tabindex="0"
      >
        label
        <span
          class="MuiTouchRipple-root css-8je8zh-MuiTouchRipple-root"
        />
      </a>
    </div>
  </div>
</body>
`;

exports[`Checks that StepActions snapshots didn't change > renders StepActions with back link disabled 1`] = `
<body>
  <div>
    <div
      class="css-9v4aab-MuiStack-root"
    >
      <a
        class="MuiTypography-root MuiTypography-inherit MuiLink-root MuiLink-underlineAlways MuiButtonBase-root MuiButton-root MuiButton-outlined MuiButton-outlinedPrimary MuiButton-sizeMedium MuiButton-outlinedSizeMedium MuiButton-root MuiButton-outlined MuiButton-outlinedPrimary MuiButton-sizeMedium MuiButton-outlinedSizeMedium css-i4i1vz-MuiTypography-root-MuiLink-root-MuiButtonBase-root-MuiButton-root"
        href="/it/termini-di-servizio"
        tabindex="0"
      >
        label
        <span
          class="MuiTouchRipple-root css-8je8zh-MuiTouchRipple-root"
        />
      </a>
    </div>
  </div>
</body>
`;

exports[`Checks that StepActions snapshots didn't change > renders StepActions with forward and back button disabled 1`] = `
<body>
  <div>
    <div
      class="css-9v4aab-MuiStack-root"
    >
      <button
        class="MuiButtonBase-root MuiButton-root MuiButton-outlined MuiButton-outlinedPrimary MuiButton-sizeMedium MuiButton-outlinedSizeMedium MuiButton-root MuiButton-outlined MuiButton-outlinedPrimary MuiButton-sizeMedium MuiButton-outlinedSizeMedium css-1rwt2y5-MuiButtonBase-root-MuiButton-root"
        tabindex="0"
        type="button"
      >
        label
        <span
          class="MuiTouchRipple-root css-8je8zh-MuiTouchRipple-root"
        />
      </button>
      <button
        class="MuiButtonBase-root MuiButton-root MuiButton-contained MuiButton-containedPrimary MuiButton-sizeMedium MuiButton-containedSizeMedium Mui-disabled MuiButton-root MuiButton-contained MuiButton-containedPrimary MuiButton-sizeMedium MuiButton-containedSizeMedium css-sghohy-MuiButtonBase-root-MuiButton-root"
        disabled=""
        tabindex="-1"
        type="submit"
      >
        label
      </button>
    </div>
  </div>
</body>
`;

exports[`Checks that StepActions snapshots didn't change > renders StepActions with forward button 1`] = `
<body>
  <div>
    <div
      class="css-9v4aab-MuiStack-root"
    >
      <button
        class="MuiButtonBase-root MuiButton-root MuiButton-contained MuiButton-containedPrimary MuiButton-sizeMedium MuiButton-containedSizeMedium MuiButton-root MuiButton-contained MuiButton-containedPrimary MuiButton-sizeMedium MuiButton-containedSizeMedium css-sghohy-MuiButtonBase-root-MuiButton-root"
        tabindex="0"
        type="button"
      >
        label
        <span
          class="MuiTouchRipple-root css-8je8zh-MuiTouchRipple-root"
        />
      </button>
    </div>
  </div>
</body>
`;

exports[`Checks that StepActions snapshots didn't change > renders StepActions with forward submit disabled 1`] = `
<body>
  <div>
    <div
      class="css-9v4aab-MuiStack-root"
    >
      <button
        class="MuiButtonBase-root MuiButton-root MuiButton-contained MuiButton-containedPrimary MuiButton-sizeMedium MuiButton-containedSizeMedium Mui-disabled MuiButton-root MuiButton-contained MuiButton-containedPrimary MuiButton-sizeMedium MuiButton-containedSizeMedium css-sghohy-MuiButtonBase-root-MuiButton-root"
        disabled=""
        tabindex="-1"
        type="submit"
      >
        label
      </button>
    </div>
  </div>
</body>
`;
