// Vitest Snapshot v1, https://vitest.dev/guide/snapshot.html

exports[`Checks that Stepper snapshots didn't change > renders correctly step 1 1`] = `
{
  "asFragment": [Function],
  "baseElement": <body>
    <div>
      <div
        class="MuiBox-root css-1jru5tr"
      >
        <div
          class="MuiStepper-root MuiStepper-horizontal MuiStepper-alternativeLabel css-10mg1vw-MuiStepper-root"
        >
          <div
            class="MuiStep-root MuiStep-horizontal MuiStep-alternativeLabel Mui-completed css-n7tliy-MuiStep-root"
          >
            <span
              class="MuiStepLabel-root MuiStepLabel-horizontal MuiStepLabel-alternativeLabel css-ascpo7-MuiStepLabel-root"
            >
              <span
                class="MuiStepLabel-iconContainer Mui-completed MuiStepLabel-alternativeLabel css-vnkopk-MuiStepLabel-iconContainer"
              >
                <svg
                  aria-hidden="true"
                  class="MuiSvgIcon-root MuiSvgIcon-fontSizeMedium MuiStepIcon-root Mui-completed css-1u4zpwo-MuiSvgIcon-root-MuiStepIcon-root"
                  data-testid="CheckCircleIcon"
                  focusable="false"
                  viewBox="0 0 24 24"
                >
                  <path
                    d="M12 0a12 12 0 1 0 0 24 12 12 0 0 0 0-24zm-2 17l-5-5 1.4-1.4 3.6 3.6 7.6-7.6L19 8l-9 9z"
                  />
                </svg>
              </span>
              <span
                class="MuiStepLabel-labelContainer MuiStepLabel-alternativeLabel css-1vyamtt-MuiStepLabel-labelContainer"
              >
                <span
                  class="MuiStepLabel-label Mui-completed MuiStepLabel-alternativeLabel css-1hv8oq8-MuiStepLabel-label"
                >
                  step1
                </span>
              </span>
            </span>
          </div>
          <div
            class="MuiStep-root MuiStep-horizontal MuiStep-alternativeLabel css-n7tliy-MuiStep-root"
          >
            <div
              class="MuiStepConnector-root MuiStepConnector-horizontal MuiStepConnector-alternativeLabel Mui-active css-zpcwqm-MuiStepConnector-root"
            >
              <span
                class="MuiStepConnector-line MuiStepConnector-lineHorizontal css-z7uhs0-MuiStepConnector-line"
              />
            </div>
            <span
              class="MuiStepLabel-root MuiStepLabel-horizontal MuiStepLabel-alternativeLabel css-ascpo7-MuiStepLabel-root"
            >
              <span
                class="MuiStepLabel-iconContainer Mui-active MuiStepLabel-alternativeLabel css-vnkopk-MuiStepLabel-iconContainer"
              >
                <svg
                  aria-hidden="true"
                  class="MuiSvgIcon-root MuiSvgIcon-fontSizeMedium MuiStepIcon-root Mui-active css-1u4zpwo-MuiSvgIcon-root-MuiStepIcon-root"
                  focusable="false"
                  viewBox="0 0 24 24"
                >
                  <circle
                    cx="12"
                    cy="12"
                    r="12"
                  />
                  <text
                    class="MuiStepIcon-text css-117w1su-MuiStepIcon-text"
                    dominant-baseline="central"
                    text-anchor="middle"
                    x="12"
                    y="12"
                  >
                    2
                  </text>
                </svg>
              </span>
              <span
                class="MuiStepLabel-labelContainer MuiStepLabel-alternativeLabel css-1vyamtt-MuiStepLabel-labelContainer"
              >
                <span
                  class="MuiStepLabel-label Mui-active MuiStepLabel-alternativeLabel css-1hv8oq8-MuiStepLabel-label"
                >
                  step2
                </span>
              </span>
            </span>
          </div>
          <div
            class="MuiStep-root MuiStep-horizontal MuiStep-alternativeLabel css-n7tliy-MuiStep-root"
          >
            <div
              class="MuiStepConnector-root MuiStepConnector-horizontal MuiStepConnector-alternativeLabel Mui-disabled css-zpcwqm-MuiStepConnector-root"
            >
              <span
                class="MuiStepConnector-line MuiStepConnector-lineHorizontal css-z7uhs0-MuiStepConnector-line"
              />
            </div>
            <span
              class="MuiStepLabel-root MuiStepLabel-horizontal Mui-disabled MuiStepLabel-alternativeLabel css-ascpo7-MuiStepLabel-root"
            >
              <span
                class="MuiStepLabel-iconContainer Mui-disabled MuiStepLabel-alternativeLabel css-vnkopk-MuiStepLabel-iconContainer"
              >
                <svg
                  aria-hidden="true"
                  class="MuiSvgIcon-root MuiSvgIcon-fontSizeMedium MuiStepIcon-root css-1u4zpwo-MuiSvgIcon-root-MuiStepIcon-root"
                  focusable="false"
                  viewBox="0 0 24 24"
                >
                  <circle
                    cx="12"
                    cy="12"
                    r="12"
                  />
                  <text
                    class="MuiStepIcon-text css-117w1su-MuiStepIcon-text"
                    dominant-baseline="central"
                    text-anchor="middle"
                    x="12"
                    y="12"
                  >
                    3
                  </text>
                </svg>
              </span>
              <span
                class="MuiStepLabel-labelContainer MuiStepLabel-alternativeLabel css-1vyamtt-MuiStepLabel-labelContainer"
              >
                <span
                  class="MuiStepLabel-label Mui-disabled MuiStepLabel-alternativeLabel css-1hv8oq8-MuiStepLabel-label"
                >
                  step3
                </span>
              </span>
            </span>
          </div>
        </div>
      </div>
    </div>
  </body>,
  "container": <div>
    <div
      class="MuiBox-root css-1jru5tr"
    >
      <div
        class="MuiStepper-root MuiStepper-horizontal MuiStepper-alternativeLabel css-10mg1vw-MuiStepper-root"
      >
        <div
          class="MuiStep-root MuiStep-horizontal MuiStep-alternativeLabel Mui-completed css-n7tliy-MuiStep-root"
        >
          <span
            class="MuiStepLabel-root MuiStepLabel-horizontal MuiStepLabel-alternativeLabel css-ascpo7-MuiStepLabel-root"
          >
            <span
              class="MuiStepLabel-iconContainer Mui-completed MuiStepLabel-alternativeLabel css-vnkopk-MuiStepLabel-iconContainer"
            >
              <svg
                aria-hidden="true"
                class="MuiSvgIcon-root MuiSvgIcon-fontSizeMedium MuiStepIcon-root Mui-completed css-1u4zpwo-MuiSvgIcon-root-MuiStepIcon-root"
                data-testid="CheckCircleIcon"
                focusable="false"
                viewBox="0 0 24 24"
              >
                <path
                  d="M12 0a12 12 0 1 0 0 24 12 12 0 0 0 0-24zm-2 17l-5-5 1.4-1.4 3.6 3.6 7.6-7.6L19 8l-9 9z"
                />
              </svg>
            </span>
            <span
              class="MuiStepLabel-labelContainer MuiStepLabel-alternativeLabel css-1vyamtt-MuiStepLabel-labelContainer"
            >
              <span
                class="MuiStepLabel-label Mui-completed MuiStepLabel-alternativeLabel css-1hv8oq8-MuiStepLabel-label"
              >
                step1
              </span>
            </span>
          </span>
        </div>
        <div
          class="MuiStep-root MuiStep-horizontal MuiStep-alternativeLabel css-n7tliy-MuiStep-root"
        >
          <div
            class="MuiStepConnector-root MuiStepConnector-horizontal MuiStepConnector-alternativeLabel Mui-active css-zpcwqm-MuiStepConnector-root"
          >
            <span
              class="MuiStepConnector-line MuiStepConnector-lineHorizontal css-z7uhs0-MuiStepConnector-line"
            />
          </div>
          <span
            class="MuiStepLabel-root MuiStepLabel-horizontal MuiStepLabel-alternativeLabel css-ascpo7-MuiStepLabel-root"
          >
            <span
              class="MuiStepLabel-iconContainer Mui-active MuiStepLabel-alternativeLabel css-vnkopk-MuiStepLabel-iconContainer"
            >
              <svg
                aria-hidden="true"
                class="MuiSvgIcon-root MuiSvgIcon-fontSizeMedium MuiStepIcon-root Mui-active css-1u4zpwo-MuiSvgIcon-root-MuiStepIcon-root"
                focusable="false"
                viewBox="0 0 24 24"
              >
                <circle
                  cx="12"
                  cy="12"
                  r="12"
                />
                <text
                  class="MuiStepIcon-text css-117w1su-MuiStepIcon-text"
                  dominant-baseline="central"
                  text-anchor="middle"
                  x="12"
                  y="12"
                >
                  2
                </text>
              </svg>
            </span>
            <span
              class="MuiStepLabel-labelContainer MuiStepLabel-alternativeLabel css-1vyamtt-MuiStepLabel-labelContainer"
            >
              <span
                class="MuiStepLabel-label Mui-active MuiStepLabel-alternativeLabel css-1hv8oq8-MuiStepLabel-label"
              >
                step2
              </span>
            </span>
          </span>
        </div>
        <div
          class="MuiStep-root MuiStep-horizontal MuiStep-alternativeLabel css-n7tliy-MuiStep-root"
        >
          <div
            class="MuiStepConnector-root MuiStepConnector-horizontal MuiStepConnector-alternativeLabel Mui-disabled css-zpcwqm-MuiStepConnector-root"
          >
            <span
              class="MuiStepConnector-line MuiStepConnector-lineHorizontal css-z7uhs0-MuiStepConnector-line"
            />
          </div>
          <span
            class="MuiStepLabel-root MuiStepLabel-horizontal Mui-disabled MuiStepLabel-alternativeLabel css-ascpo7-MuiStepLabel-root"
          >
            <span
              class="MuiStepLabel-iconContainer Mui-disabled MuiStepLabel-alternativeLabel css-vnkopk-MuiStepLabel-iconContainer"
            >
              <svg
                aria-hidden="true"
                class="MuiSvgIcon-root MuiSvgIcon-fontSizeMedium MuiStepIcon-root css-1u4zpwo-MuiSvgIcon-root-MuiStepIcon-root"
                focusable="false"
                viewBox="0 0 24 24"
              >
                <circle
                  cx="12"
                  cy="12"
                  r="12"
                />
                <text
                  class="MuiStepIcon-text css-117w1su-MuiStepIcon-text"
                  dominant-baseline="central"
                  text-anchor="middle"
                  x="12"
                  y="12"
                >
                  3
                </text>
              </svg>
            </span>
            <span
              class="MuiStepLabel-labelContainer MuiStepLabel-alternativeLabel css-1vyamtt-MuiStepLabel-labelContainer"
            >
              <span
                class="MuiStepLabel-label Mui-disabled MuiStepLabel-alternativeLabel css-1hv8oq8-MuiStepLabel-label"
              >
                step3
              </span>
            </span>
          </span>
        </div>
      </div>
    </div>
  </div>,
  "debug": [Function],
  "findAllByAltText": [Function],
  "findAllByDisplayValue": [Function],
  "findAllByLabelText": [Function],
  "findAllByPlaceholderText": [Function],
  "findAllByRole": [Function],
  "findAllByTestId": [Function],
  "findAllByText": [Function],
  "findAllByTitle": [Function],
  "findByAltText": [Function],
  "findByDisplayValue": [Function],
  "findByLabelText": [Function],
  "findByPlaceholderText": [Function],
  "findByRole": [Function],
  "findByTestId": [Function],
  "findByText": [Function],
  "findByTitle": [Function],
  "getAllByAltText": [Function],
  "getAllByDisplayValue": [Function],
  "getAllByLabelText": [Function],
  "getAllByPlaceholderText": [Function],
  "getAllByRole": [Function],
  "getAllByTestId": [Function],
  "getAllByText": [Function],
  "getAllByTitle": [Function],
  "getByAltText": [Function],
  "getByDisplayValue": [Function],
  "getByLabelText": [Function],
  "getByPlaceholderText": [Function],
  "getByRole": [Function],
  "getByTestId": [Function],
  "getByText": [Function],
  "getByTitle": [Function],
  "queryAllByAltText": [Function],
  "queryAllByDisplayValue": [Function],
  "queryAllByLabelText": [Function],
  "queryAllByPlaceholderText": [Function],
  "queryAllByRole": [Function],
  "queryAllByTestId": [Function],
  "queryAllByText": [Function],
  "queryAllByTitle": [Function],
  "queryByAltText": [Function],
  "queryByDisplayValue": [Function],
  "queryByLabelText": [Function],
  "queryByPlaceholderText": [Function],
  "queryByRole": [Function],
  "queryByTestId": [Function],
  "queryByText": [Function],
  "queryByTitle": [Function],
  "rerender": [Function],
  "unmount": [Function],
}
`;

exports[`Checks that Stepper snapshots didn't change > renders correctly step 2 1`] = `
{
  "asFragment": [Function],
  "baseElement": <body>
    <div>
      <div
        class="MuiBox-root css-1jru5tr"
      >
        <div
          class="MuiStepper-root MuiStepper-horizontal MuiStepper-alternativeLabel css-10mg1vw-MuiStepper-root"
        >
          <div
            class="MuiStep-root MuiStep-horizontal MuiStep-alternativeLabel Mui-completed css-n7tliy-MuiStep-root"
          >
            <span
              class="MuiStepLabel-root MuiStepLabel-horizontal MuiStepLabel-alternativeLabel css-ascpo7-MuiStepLabel-root"
            >
              <span
                class="MuiStepLabel-iconContainer Mui-completed MuiStepLabel-alternativeLabel css-vnkopk-MuiStepLabel-iconContainer"
              >
                <svg
                  aria-hidden="true"
                  class="MuiSvgIcon-root MuiSvgIcon-fontSizeMedium MuiStepIcon-root Mui-completed css-1u4zpwo-MuiSvgIcon-root-MuiStepIcon-root"
                  data-testid="CheckCircleIcon"
                  focusable="false"
                  viewBox="0 0 24 24"
                >
                  <path
                    d="M12 0a12 12 0 1 0 0 24 12 12 0 0 0 0-24zm-2 17l-5-5 1.4-1.4 3.6 3.6 7.6-7.6L19 8l-9 9z"
                  />
                </svg>
              </span>
              <span
                class="MuiStepLabel-labelContainer MuiStepLabel-alternativeLabel css-1vyamtt-MuiStepLabel-labelContainer"
              >
                <span
                  class="MuiStepLabel-label Mui-completed MuiStepLabel-alternativeLabel css-1hv8oq8-MuiStepLabel-label"
                >
                  step1
                </span>
              </span>
            </span>
          </div>
          <div
            class="MuiStep-root MuiStep-horizontal MuiStep-alternativeLabel Mui-completed css-n7tliy-MuiStep-root"
          >
            <div
              class="MuiStepConnector-root MuiStepConnector-horizontal MuiStepConnector-alternativeLabel Mui-completed css-zpcwqm-MuiStepConnector-root"
            >
              <span
                class="MuiStepConnector-line MuiStepConnector-lineHorizontal css-z7uhs0-MuiStepConnector-line"
              />
            </div>
            <span
              class="MuiStepLabel-root MuiStepLabel-horizontal MuiStepLabel-alternativeLabel css-ascpo7-MuiStepLabel-root"
            >
              <span
                class="MuiStepLabel-iconContainer Mui-completed MuiStepLabel-alternativeLabel css-vnkopk-MuiStepLabel-iconContainer"
              >
                <svg
                  aria-hidden="true"
                  class="MuiSvgIcon-root MuiSvgIcon-fontSizeMedium MuiStepIcon-root Mui-completed css-1u4zpwo-MuiSvgIcon-root-MuiStepIcon-root"
                  data-testid="CheckCircleIcon"
                  focusable="false"
                  viewBox="0 0 24 24"
                >
                  <path
                    d="M12 0a12 12 0 1 0 0 24 12 12 0 0 0 0-24zm-2 17l-5-5 1.4-1.4 3.6 3.6 7.6-7.6L19 8l-9 9z"
                  />
                </svg>
              </span>
              <span
                class="MuiStepLabel-labelContainer MuiStepLabel-alternativeLabel css-1vyamtt-MuiStepLabel-labelContainer"
              >
                <span
                  class="MuiStepLabel-label Mui-completed MuiStepLabel-alternativeLabel css-1hv8oq8-MuiStepLabel-label"
                >
                  step2
                </span>
              </span>
            </span>
          </div>
          <div
            class="MuiStep-root MuiStep-horizontal MuiStep-alternativeLabel css-n7tliy-MuiStep-root"
          >
            <div
              class="MuiStepConnector-root MuiStepConnector-horizontal MuiStepConnector-alternativeLabel Mui-active css-zpcwqm-MuiStepConnector-root"
            >
              <span
                class="MuiStepConnector-line MuiStepConnector-lineHorizontal css-z7uhs0-MuiStepConnector-line"
              />
            </div>
            <span
              class="MuiStepLabel-root MuiStepLabel-horizontal MuiStepLabel-alternativeLabel css-ascpo7-MuiStepLabel-root"
            >
              <span
                class="MuiStepLabel-iconContainer Mui-active MuiStepLabel-alternativeLabel css-vnkopk-MuiStepLabel-iconContainer"
              >
                <svg
                  aria-hidden="true"
                  class="MuiSvgIcon-root MuiSvgIcon-fontSizeMedium MuiStepIcon-root Mui-active css-1u4zpwo-MuiSvgIcon-root-MuiStepIcon-root"
                  focusable="false"
                  viewBox="0 0 24 24"
                >
                  <circle
                    cx="12"
                    cy="12"
                    r="12"
                  />
                  <text
                    class="MuiStepIcon-text css-117w1su-MuiStepIcon-text"
                    dominant-baseline="central"
                    text-anchor="middle"
                    x="12"
                    y="12"
                  >
                    3
                  </text>
                </svg>
              </span>
              <span
                class="MuiStepLabel-labelContainer MuiStepLabel-alternativeLabel css-1vyamtt-MuiStepLabel-labelContainer"
              >
                <span
                  class="MuiStepLabel-label Mui-active MuiStepLabel-alternativeLabel css-1hv8oq8-MuiStepLabel-label"
                >
                  step3
                </span>
              </span>
            </span>
          </div>
        </div>
      </div>
    </div>
  </body>,
  "container": <div>
    <div
      class="MuiBox-root css-1jru5tr"
    >
      <div
        class="MuiStepper-root MuiStepper-horizontal MuiStepper-alternativeLabel css-10mg1vw-MuiStepper-root"
      >
        <div
          class="MuiStep-root MuiStep-horizontal MuiStep-alternativeLabel Mui-completed css-n7tliy-MuiStep-root"
        >
          <span
            class="MuiStepLabel-root MuiStepLabel-horizontal MuiStepLabel-alternativeLabel css-ascpo7-MuiStepLabel-root"
          >
            <span
              class="MuiStepLabel-iconContainer Mui-completed MuiStepLabel-alternativeLabel css-vnkopk-MuiStepLabel-iconContainer"
            >
              <svg
                aria-hidden="true"
                class="MuiSvgIcon-root MuiSvgIcon-fontSizeMedium MuiStepIcon-root Mui-completed css-1u4zpwo-MuiSvgIcon-root-MuiStepIcon-root"
                data-testid="CheckCircleIcon"
                focusable="false"
                viewBox="0 0 24 24"
              >
                <path
                  d="M12 0a12 12 0 1 0 0 24 12 12 0 0 0 0-24zm-2 17l-5-5 1.4-1.4 3.6 3.6 7.6-7.6L19 8l-9 9z"
                />
              </svg>
            </span>
            <span
              class="MuiStepLabel-labelContainer MuiStepLabel-alternativeLabel css-1vyamtt-MuiStepLabel-labelContainer"
            >
              <span
                class="MuiStepLabel-label Mui-completed MuiStepLabel-alternativeLabel css-1hv8oq8-MuiStepLabel-label"
              >
                step1
              </span>
            </span>
          </span>
        </div>
        <div
          class="MuiStep-root MuiStep-horizontal MuiStep-alternativeLabel Mui-completed css-n7tliy-MuiStep-root"
        >
          <div
            class="MuiStepConnector-root MuiStepConnector-horizontal MuiStepConnector-alternativeLabel Mui-completed css-zpcwqm-MuiStepConnector-root"
          >
            <span
              class="MuiStepConnector-line MuiStepConnector-lineHorizontal css-z7uhs0-MuiStepConnector-line"
            />
          </div>
          <span
            class="MuiStepLabel-root MuiStepLabel-horizontal MuiStepLabel-alternativeLabel css-ascpo7-MuiStepLabel-root"
          >
            <span
              class="MuiStepLabel-iconContainer Mui-completed MuiStepLabel-alternativeLabel css-vnkopk-MuiStepLabel-iconContainer"
            >
              <svg
                aria-hidden="true"
                class="MuiSvgIcon-root MuiSvgIcon-fontSizeMedium MuiStepIcon-root Mui-completed css-1u4zpwo-MuiSvgIcon-root-MuiStepIcon-root"
                data-testid="CheckCircleIcon"
                focusable="false"
                viewBox="0 0 24 24"
              >
                <path
                  d="M12 0a12 12 0 1 0 0 24 12 12 0 0 0 0-24zm-2 17l-5-5 1.4-1.4 3.6 3.6 7.6-7.6L19 8l-9 9z"
                />
              </svg>
            </span>
            <span
              class="MuiStepLabel-labelContainer MuiStepLabel-alternativeLabel css-1vyamtt-MuiStepLabel-labelContainer"
            >
              <span
                class="MuiStepLabel-label Mui-completed MuiStepLabel-alternativeLabel css-1hv8oq8-MuiStepLabel-label"
              >
                step2
              </span>
            </span>
          </span>
        </div>
        <div
          class="MuiStep-root MuiStep-horizontal MuiStep-alternativeLabel css-n7tliy-MuiStep-root"
        >
          <div
            class="MuiStepConnector-root MuiStepConnector-horizontal MuiStepConnector-alternativeLabel Mui-active css-zpcwqm-MuiStepConnector-root"
          >
            <span
              class="MuiStepConnector-line MuiStepConnector-lineHorizontal css-z7uhs0-MuiStepConnector-line"
            />
          </div>
          <span
            class="MuiStepLabel-root MuiStepLabel-horizontal MuiStepLabel-alternativeLabel css-ascpo7-MuiStepLabel-root"
          >
            <span
              class="MuiStepLabel-iconContainer Mui-active MuiStepLabel-alternativeLabel css-vnkopk-MuiStepLabel-iconContainer"
            >
              <svg
                aria-hidden="true"
                class="MuiSvgIcon-root MuiSvgIcon-fontSizeMedium MuiStepIcon-root Mui-active css-1u4zpwo-MuiSvgIcon-root-MuiStepIcon-root"
                focusable="false"
                viewBox="0 0 24 24"
              >
                <circle
                  cx="12"
                  cy="12"
                  r="12"
                />
                <text
                  class="MuiStepIcon-text css-117w1su-MuiStepIcon-text"
                  dominant-baseline="central"
                  text-anchor="middle"
                  x="12"
                  y="12"
                >
                  3
                </text>
              </svg>
            </span>
            <span
              class="MuiStepLabel-labelContainer MuiStepLabel-alternativeLabel css-1vyamtt-MuiStepLabel-labelContainer"
            >
              <span
                class="MuiStepLabel-label Mui-active MuiStepLabel-alternativeLabel css-1hv8oq8-MuiStepLabel-label"
              >
                step3
              </span>
            </span>
          </span>
        </div>
      </div>
    </div>
  </div>,
  "debug": [Function],
  "findAllByAltText": [Function],
  "findAllByDisplayValue": [Function],
  "findAllByLabelText": [Function],
  "findAllByPlaceholderText": [Function],
  "findAllByRole": [Function],
  "findAllByTestId": [Function],
  "findAllByText": [Function],
  "findAllByTitle": [Function],
  "findByAltText": [Function],
  "findByDisplayValue": [Function],
  "findByLabelText": [Function],
  "findByPlaceholderText": [Function],
  "findByRole": [Function],
  "findByTestId": [Function],
  "findByText": [Function],
  "findByTitle": [Function],
  "getAllByAltText": [Function],
  "getAllByDisplayValue": [Function],
  "getAllByLabelText": [Function],
  "getAllByPlaceholderText": [Function],
  "getAllByRole": [Function],
  "getAllByTestId": [Function],
  "getAllByText": [Function],
  "getAllByTitle": [Function],
  "getByAltText": [Function],
  "getByDisplayValue": [Function],
  "getByLabelText": [Function],
  "getByPlaceholderText": [Function],
  "getByRole": [Function],
  "getByTestId": [Function],
  "getByText": [Function],
  "getByTitle": [Function],
  "queryAllByAltText": [Function],
  "queryAllByDisplayValue": [Function],
  "queryAllByLabelText": [Function],
  "queryAllByPlaceholderText": [Function],
  "queryAllByRole": [Function],
  "queryAllByTestId": [Function],
  "queryAllByText": [Function],
  "queryAllByTitle": [Function],
  "queryByAltText": [Function],
  "queryByDisplayValue": [Function],
  "queryByLabelText": [Function],
  "queryByPlaceholderText": [Function],
  "queryByRole": [Function],
  "queryByTestId": [Function],
  "queryByText": [Function],
  "queryByTitle": [Function],
  "rerender": [Function],
  "unmount": [Function],
}
`;

exports[`Checks that Stepper snapshots didn't change > renders correctly step 3 1`] = `
{
  "asFragment": [Function],
  "baseElement": <body>
    <div>
      <div
        class="MuiBox-root css-1jru5tr"
      >
        <div
          class="MuiStepper-root MuiStepper-horizontal MuiStepper-alternativeLabel css-10mg1vw-MuiStepper-root"
        >
          <div
            class="MuiStep-root MuiStep-horizontal MuiStep-alternativeLabel Mui-completed css-n7tliy-MuiStep-root"
          >
            <span
              class="MuiStepLabel-root MuiStepLabel-horizontal MuiStepLabel-alternativeLabel css-ascpo7-MuiStepLabel-root"
            >
              <span
                class="MuiStepLabel-iconContainer Mui-completed MuiStepLabel-alternativeLabel css-vnkopk-MuiStepLabel-iconContainer"
              >
                <svg
                  aria-hidden="true"
                  class="MuiSvgIcon-root MuiSvgIcon-fontSizeMedium MuiStepIcon-root Mui-completed css-1u4zpwo-MuiSvgIcon-root-MuiStepIcon-root"
                  data-testid="CheckCircleIcon"
                  focusable="false"
                  viewBox="0 0 24 24"
                >
                  <path
                    d="M12 0a12 12 0 1 0 0 24 12 12 0 0 0 0-24zm-2 17l-5-5 1.4-1.4 3.6 3.6 7.6-7.6L19 8l-9 9z"
                  />
                </svg>
              </span>
              <span
                class="MuiStepLabel-labelContainer MuiStepLabel-alternativeLabel css-1vyamtt-MuiStepLabel-labelContainer"
              >
                <span
                  class="MuiStepLabel-label Mui-completed MuiStepLabel-alternativeLabel css-1hv8oq8-MuiStepLabel-label"
                >
                  step1
                </span>
              </span>
            </span>
          </div>
          <div
            class="MuiStep-root MuiStep-horizontal MuiStep-alternativeLabel Mui-completed css-n7tliy-MuiStep-root"
          >
            <div
              class="MuiStepConnector-root MuiStepConnector-horizontal MuiStepConnector-alternativeLabel Mui-completed css-zpcwqm-MuiStepConnector-root"
            >
              <span
                class="MuiStepConnector-line MuiStepConnector-lineHorizontal css-z7uhs0-MuiStepConnector-line"
              />
            </div>
            <span
              class="MuiStepLabel-root MuiStepLabel-horizontal MuiStepLabel-alternativeLabel css-ascpo7-MuiStepLabel-root"
            >
              <span
                class="MuiStepLabel-iconContainer Mui-completed MuiStepLabel-alternativeLabel css-vnkopk-MuiStepLabel-iconContainer"
              >
                <svg
                  aria-hidden="true"
                  class="MuiSvgIcon-root MuiSvgIcon-fontSizeMedium MuiStepIcon-root Mui-completed css-1u4zpwo-MuiSvgIcon-root-MuiStepIcon-root"
                  data-testid="CheckCircleIcon"
                  focusable="false"
                  viewBox="0 0 24 24"
                >
                  <path
                    d="M12 0a12 12 0 1 0 0 24 12 12 0 0 0 0-24zm-2 17l-5-5 1.4-1.4 3.6 3.6 7.6-7.6L19 8l-9 9z"
                  />
                </svg>
              </span>
              <span
                class="MuiStepLabel-labelContainer MuiStepLabel-alternativeLabel css-1vyamtt-MuiStepLabel-labelContainer"
              >
                <span
                  class="MuiStepLabel-label Mui-completed MuiStepLabel-alternativeLabel css-1hv8oq8-MuiStepLabel-label"
                >
                  step2
                </span>
              </span>
            </span>
          </div>
          <div
            class="MuiStep-root MuiStep-horizontal MuiStep-alternativeLabel Mui-completed css-n7tliy-MuiStep-root"
          >
            <div
              class="MuiStepConnector-root MuiStepConnector-horizontal MuiStepConnector-alternativeLabel Mui-completed css-zpcwqm-MuiStepConnector-root"
            >
              <span
                class="MuiStepConnector-line MuiStepConnector-lineHorizontal css-z7uhs0-MuiStepConnector-line"
              />
            </div>
            <span
              class="MuiStepLabel-root MuiStepLabel-horizontal MuiStepLabel-alternativeLabel css-ascpo7-MuiStepLabel-root"
            >
              <span
                class="MuiStepLabel-iconContainer Mui-completed MuiStepLabel-alternativeLabel css-vnkopk-MuiStepLabel-iconContainer"
              >
                <svg
                  aria-hidden="true"
                  class="MuiSvgIcon-root MuiSvgIcon-fontSizeMedium MuiStepIcon-root Mui-completed css-1u4zpwo-MuiSvgIcon-root-MuiStepIcon-root"
                  data-testid="CheckCircleIcon"
                  focusable="false"
                  viewBox="0 0 24 24"
                >
                  <path
                    d="M12 0a12 12 0 1 0 0 24 12 12 0 0 0 0-24zm-2 17l-5-5 1.4-1.4 3.6 3.6 7.6-7.6L19 8l-9 9z"
                  />
                </svg>
              </span>
              <span
                class="MuiStepLabel-labelContainer MuiStepLabel-alternativeLabel css-1vyamtt-MuiStepLabel-labelContainer"
              >
                <span
                  class="MuiStepLabel-label Mui-completed MuiStepLabel-alternativeLabel css-1hv8oq8-MuiStepLabel-label"
                >
                  step3
                </span>
              </span>
            </span>
          </div>
        </div>
      </div>
    </div>
  </body>,
  "container": <div>
    <div
      class="MuiBox-root css-1jru5tr"
    >
      <div
        class="MuiStepper-root MuiStepper-horizontal MuiStepper-alternativeLabel css-10mg1vw-MuiStepper-root"
      >
        <div
          class="MuiStep-root MuiStep-horizontal MuiStep-alternativeLabel Mui-completed css-n7tliy-MuiStep-root"
        >
          <span
            class="MuiStepLabel-root MuiStepLabel-horizontal MuiStepLabel-alternativeLabel css-ascpo7-MuiStepLabel-root"
          >
            <span
              class="MuiStepLabel-iconContainer Mui-completed MuiStepLabel-alternativeLabel css-vnkopk-MuiStepLabel-iconContainer"
            >
              <svg
                aria-hidden="true"
                class="MuiSvgIcon-root MuiSvgIcon-fontSizeMedium MuiStepIcon-root Mui-completed css-1u4zpwo-MuiSvgIcon-root-MuiStepIcon-root"
                data-testid="CheckCircleIcon"
                focusable="false"
                viewBox="0 0 24 24"
              >
                <path
                  d="M12 0a12 12 0 1 0 0 24 12 12 0 0 0 0-24zm-2 17l-5-5 1.4-1.4 3.6 3.6 7.6-7.6L19 8l-9 9z"
                />
              </svg>
            </span>
            <span
              class="MuiStepLabel-labelContainer MuiStepLabel-alternativeLabel css-1vyamtt-MuiStepLabel-labelContainer"
            >
              <span
                class="MuiStepLabel-label Mui-completed MuiStepLabel-alternativeLabel css-1hv8oq8-MuiStepLabel-label"
              >
                step1
              </span>
            </span>
          </span>
        </div>
        <div
          class="MuiStep-root MuiStep-horizontal MuiStep-alternativeLabel Mui-completed css-n7tliy-MuiStep-root"
        >
          <div
            class="MuiStepConnector-root MuiStepConnector-horizontal MuiStepConnector-alternativeLabel Mui-completed css-zpcwqm-MuiStepConnector-root"
          >
            <span
              class="MuiStepConnector-line MuiStepConnector-lineHorizontal css-z7uhs0-MuiStepConnector-line"
            />
          </div>
          <span
            class="MuiStepLabel-root MuiStepLabel-horizontal MuiStepLabel-alternativeLabel css-ascpo7-MuiStepLabel-root"
          >
            <span
              class="MuiStepLabel-iconContainer Mui-completed MuiStepLabel-alternativeLabel css-vnkopk-MuiStepLabel-iconContainer"
            >
              <svg
                aria-hidden="true"
                class="MuiSvgIcon-root MuiSvgIcon-fontSizeMedium MuiStepIcon-root Mui-completed css-1u4zpwo-MuiSvgIcon-root-MuiStepIcon-root"
                data-testid="CheckCircleIcon"
                focusable="false"
                viewBox="0 0 24 24"
              >
                <path
                  d="M12 0a12 12 0 1 0 0 24 12 12 0 0 0 0-24zm-2 17l-5-5 1.4-1.4 3.6 3.6 7.6-7.6L19 8l-9 9z"
                />
              </svg>
            </span>
            <span
              class="MuiStepLabel-labelContainer MuiStepLabel-alternativeLabel css-1vyamtt-MuiStepLabel-labelContainer"
            >
              <span
                class="MuiStepLabel-label Mui-completed MuiStepLabel-alternativeLabel css-1hv8oq8-MuiStepLabel-label"
              >
                step2
              </span>
            </span>
          </span>
        </div>
        <div
          class="MuiStep-root MuiStep-horizontal MuiStep-alternativeLabel Mui-completed css-n7tliy-MuiStep-root"
        >
          <div
            class="MuiStepConnector-root MuiStepConnector-horizontal MuiStepConnector-alternativeLabel Mui-completed css-zpcwqm-MuiStepConnector-root"
          >
            <span
              class="MuiStepConnector-line MuiStepConnector-lineHorizontal css-z7uhs0-MuiStepConnector-line"
            />
          </div>
          <span
            class="MuiStepLabel-root MuiStepLabel-horizontal MuiStepLabel-alternativeLabel css-ascpo7-MuiStepLabel-root"
          >
            <span
              class="MuiStepLabel-iconContainer Mui-completed MuiStepLabel-alternativeLabel css-vnkopk-MuiStepLabel-iconContainer"
            >
              <svg
                aria-hidden="true"
                class="MuiSvgIcon-root MuiSvgIcon-fontSizeMedium MuiStepIcon-root Mui-completed css-1u4zpwo-MuiSvgIcon-root-MuiStepIcon-root"
                data-testid="CheckCircleIcon"
                focusable="false"
                viewBox="0 0 24 24"
              >
                <path
                  d="M12 0a12 12 0 1 0 0 24 12 12 0 0 0 0-24zm-2 17l-5-5 1.4-1.4 3.6 3.6 7.6-7.6L19 8l-9 9z"
                />
              </svg>
            </span>
            <span
              class="MuiStepLabel-labelContainer MuiStepLabel-alternativeLabel css-1vyamtt-MuiStepLabel-labelContainer"
            >
              <span
                class="MuiStepLabel-label Mui-completed MuiStepLabel-alternativeLabel css-1hv8oq8-MuiStepLabel-label"
              >
                step3
              </span>
            </span>
          </span>
        </div>
      </div>
    </div>
  </div>,
  "debug": [Function],
  "findAllByAltText": [Function],
  "findAllByDisplayValue": [Function],
  "findAllByLabelText": [Function],
  "findAllByPlaceholderText": [Function],
  "findAllByRole": [Function],
  "findAllByTestId": [Function],
  "findAllByText": [Function],
  "findAllByTitle": [Function],
  "findByAltText": [Function],
  "findByDisplayValue": [Function],
  "findByLabelText": [Function],
  "findByPlaceholderText": [Function],
  "findByRole": [Function],
  "findByTestId": [Function],
  "findByText": [Function],
  "findByTitle": [Function],
  "getAllByAltText": [Function],
  "getAllByDisplayValue": [Function],
  "getAllByLabelText": [Function],
  "getAllByPlaceholderText": [Function],
  "getAllByRole": [Function],
  "getAllByTestId": [Function],
  "getAllByText": [Function],
  "getAllByTitle": [Function],
  "getByAltText": [Function],
  "getByDisplayValue": [Function],
  "getByLabelText": [Function],
  "getByPlaceholderText": [Function],
  "getByRole": [Function],
  "getByTestId": [Function],
  "getByText": [Function],
  "getByTitle": [Function],
  "queryAllByAltText": [Function],
  "queryAllByDisplayValue": [Function],
  "queryAllByLabelText": [Function],
  "queryAllByPlaceholderText": [Function],
  "queryAllByRole": [Function],
  "queryAllByTestId": [Function],
  "queryAllByText": [Function],
  "queryAllByTitle": [Function],
  "queryByAltText": [Function],
  "queryByDisplayValue": [Function],
  "queryByLabelText": [Function],
  "queryByPlaceholderText": [Function],
  "queryByRole": [Function],
  "queryByTestId": [Function],
  "queryByText": [Function],
  "queryByTitle": [Function],
  "rerender": [Function],
  "unmount": [Function],
}
`;
