// Jest Snapshot v1, https://goo.gl/fbAQLP

exports[`Snapshot matches button 1`] = `
<button
  className="MuiButton-root MuiButton-text MuiButton-textPrimary MuiButton-sizeMedium MuiButton-textSizeMedium MuiButtonBase-root  css-1e6y48t-MuiButtonBase-root-MuiButton-root"
  disabled={false}
  onBlur={[Function]}
  onClick={[Function]}
  onContextMenu={[Function]}
  onDragLeave={[Function]}
  onFocus={[Function]}
  onKeyDown={[Function]}
  onKeyUp={[Function]}
  onMouseDown={[Function]}
  onMouseLeave={[Function]}
  onMouseUp={[Function]}
  onTouchEnd={[Function]}
  onTouchMove={[Function]}
  onTouchStart={[Function]}
  tabIndex={0}
  type="button"
>
  Clicca qui
</button>
`;

exports[`Snapshot matches link 1`] = `
<a
  className="MuiTypography-root MuiTypography-inherit MuiLink-root MuiLink-underlineAlways MuiButton-root MuiButton-text MuiButton-textPrimary MuiButton-sizeMedium MuiButton-textSizeMedium MuiButtonBase-root  css-606eve-MuiTypography-root-MuiLink-root-MuiButtonBase-root-MuiButton-root"
  href="/rotta-esempio"
  onBlur={[Function]}
  onClick={[Function]}
  onContextMenu={[Function]}
  onDragLeave={[Function]}
  onFocus={[Function]}
  onKeyDown={[Function]}
  onKeyUp={[Function]}
  onMouseDown={[Function]}
  onMouseLeave={[Function]}
  onMouseUp={[Function]}
  onTouchEnd={[Function]}
  onTouchMove={[Function]}
  onTouchStart={[Function]}
  tabIndex={0}
>
  Clicca qui
  <span
    className="MuiTouchRipple-root css-8je8zh-MuiTouchRipple-root"
  />
</a>
`;
