// Vitest Snapshot v1, https://vitest.dev/guide/snapshot.html

exports[`Checks that Table snapshots didn't change > renders Table empty state 1`] = `
{
  "asFragment": [Function],
  "baseElement": <body>
    <div>
      <div
        class="MuiTableContainer-root css-u77c0j-MuiTableContainer-root"
      >
        <table
          class="MuiTable-root css-rqglhn-MuiTable-root"
        >
          <thead
            class="MuiTableHead-root css-whv87p-MuiTableHead-root"
          >
            <tr
              class="MuiTableRow-root MuiTableRow-head css-1q1u3t4-MuiTableRow-root"
            >
              <th
                class="MuiTableCell-root MuiTableCell-head MuiTableCell-sizeMedium css-1ygcj2i-MuiTableCell-root"
                scope="col"
              >
                c1
              </th>
              <th
                class="MuiTableCell-root MuiTableCell-head MuiTableCell-sizeMedium css-1ygcj2i-MuiTableCell-root"
                scope="col"
              >
                c2
              </th>
              <th
                class="MuiTableCell-root MuiTableCell-head MuiTableCell-sizeMedium css-1ygcj2i-MuiTableCell-root"
                scope="col"
              >
                c3
              </th>
              <th
                class="MuiTableCell-root MuiTableCell-head MuiTableCell-sizeMedium css-1ygcj2i-MuiTableCell-root"
                scope="col"
              >
                c4
              </th>
            </tr>
          </thead>
          <tbody
            class="MuiTableBody-root css-1nq9kkf-MuiTableBody-root"
          >
            <tr
              class="MuiTableRow-root css-1p72hwd-MuiTableRow-root"
            >
              <td
                class="MuiTableCell-root MuiTableCell-body MuiTableCell-sizeMedium css-1rpd3i8-MuiTableCell-root"
              >
                <span
                  class="MuiTypography-root MuiTypography-body2 css-1h9j9ew-MuiTypography-root"
                >
                  r1c1
                </span>
              </td>
              <td
                class="MuiTableCell-root MuiTableCell-body MuiTableCell-sizeMedium css-1rpd3i8-MuiTableCell-root"
              >
                <span
                  class="MuiTypography-root MuiTypography-body2 css-1h9j9ew-MuiTypography-root"
                >
                  r1c2
                </span>
              </td>
              <td
                class="MuiTableCell-root MuiTableCell-body MuiTableCell-sizeMedium css-1rpd3i8-MuiTableCell-root"
              >
                <span
                  class="MuiTypography-root MuiTypography-body2 css-1h9j9ew-MuiTypography-root"
                >
                  r1c3
                </span>
              </td>
              <td
                class="MuiTableCell-root MuiTableCell-body MuiTableCell-sizeMedium css-1rpd3i8-MuiTableCell-root"
              >
                <div
                  class="MuiChip-root MuiChip-filled MuiChip-sizeMedium MuiChip-colorDefault MuiChip-filledDefault css-w66kx-MuiChip-root"
                >
                  <span
                    class="MuiChip-label MuiChip-labelMedium css-6od3lo-MuiChip-label"
                  >
                    r1c4
                  </span>
                </div>
              </td>
              <td
                class="MuiTableCell-root MuiTableCell-body MuiTableCell-alignRight MuiTableCell-sizeMedium css-2u9kxv-MuiTableCell-root"
              >
                <button
                  class="MuiButtonBase-root MuiButton-root MuiButton-text MuiButton-textPrimary MuiButton-sizeMedium MuiButton-textSizeMedium MuiButton-root MuiButton-text MuiButton-textPrimary MuiButton-sizeMedium MuiButton-textSizeMedium css-1e6y48t-MuiButtonBase-root-MuiButton-root"
                  tabindex="0"
                  type="button"
                >
                  r1c4
                  <span
                    class="MuiTouchRipple-root css-8je8zh-MuiTouchRipple-root"
                  />
                </button>
              </td>
            </tr>
            <tr
              class="MuiTableRow-root css-1p72hwd-MuiTableRow-root"
            >
              <td
                class="MuiTableCell-root MuiTableCell-body MuiTableCell-sizeMedium css-1rpd3i8-MuiTableCell-root"
              >
                <span
                  class="MuiTypography-root MuiTypography-body2 css-1h9j9ew-MuiTypography-root"
                >
                  r2c1
                </span>
              </td>
              <td
                class="MuiTableCell-root MuiTableCell-body MuiTableCell-sizeMedium css-1rpd3i8-MuiTableCell-root"
              >
                <span
                  class="MuiTypography-root MuiTypography-body2 css-1h9j9ew-MuiTypography-root"
                >
                  r2c2
                </span>
              </td>
              <td
                class="MuiTableCell-root MuiTableCell-body MuiTableCell-sizeMedium css-1rpd3i8-MuiTableCell-root"
              >
                <span
                  class="MuiTypography-root MuiTypography-body2 css-1h9j9ew-MuiTypography-root"
                >
                  r2c3
                </span>
              </td>
              <td
                class="MuiTableCell-root MuiTableCell-body MuiTableCell-sizeMedium css-1rpd3i8-MuiTableCell-root"
              >
                <div
                  class="MuiChip-root MuiChip-filled MuiChip-sizeMedium MuiChip-colorDefault MuiChip-filledDefault css-w66kx-MuiChip-root"
                >
                  <span
                    class="MuiChip-label MuiChip-labelMedium css-6od3lo-MuiChip-label"
                  >
                    r2c4
                  </span>
                </div>
              </td>
              <td
                class="MuiTableCell-root MuiTableCell-body MuiTableCell-alignRight MuiTableCell-sizeMedium css-2u9kxv-MuiTableCell-root"
              >
                <button
                  class="MuiButtonBase-root MuiButton-root MuiButton-text MuiButton-textPrimary MuiButton-sizeMedium MuiButton-textSizeMedium MuiButton-root MuiButton-text MuiButton-textPrimary MuiButton-sizeMedium MuiButton-textSizeMedium css-1e6y48t-MuiButtonBase-root-MuiButton-root"
                  tabindex="0"
                  type="button"
                >
                  r2c4
                  <span
                    class="MuiTouchRipple-root css-8je8zh-MuiTouchRipple-root"
                  />
                </button>
              </td>
            </tr>
            <tr
              class="MuiTableRow-root css-1p72hwd-MuiTableRow-root"
            >
              <td
                class="MuiTableCell-root MuiTableCell-body MuiTableCell-sizeMedium css-1rpd3i8-MuiTableCell-root"
              >
                <span
                  class="MuiTypography-root MuiTypography-body2 css-1h9j9ew-MuiTypography-root"
                >
                  r3c1
                </span>
              </td>
              <td
                class="MuiTableCell-root MuiTableCell-body MuiTableCell-sizeMedium css-1rpd3i8-MuiTableCell-root"
              >
                <span
                  class="MuiTypography-root MuiTypography-body2 css-1h9j9ew-MuiTypography-root"
                >
                  r3c2
                </span>
              </td>
              <td
                class="MuiTableCell-root MuiTableCell-body MuiTableCell-sizeMedium css-1rpd3i8-MuiTableCell-root"
              >
                <span
                  class="MuiTypography-root MuiTypography-body2 css-1h9j9ew-MuiTypography-root"
                >
                  r3c3
                </span>
              </td>
              <td
                class="MuiTableCell-root MuiTableCell-body MuiTableCell-sizeMedium css-1rpd3i8-MuiTableCell-root"
              >
                <div
                  class="MuiChip-root MuiChip-filled MuiChip-sizeMedium MuiChip-colorDefault MuiChip-filledDefault css-w66kx-MuiChip-root"
                >
                  <span
                    class="MuiChip-label MuiChip-labelMedium css-6od3lo-MuiChip-label"
                  >
                    r3c4
                  </span>
                </div>
              </td>
              <td
                class="MuiTableCell-root MuiTableCell-body MuiTableCell-alignRight MuiTableCell-sizeMedium css-2u9kxv-MuiTableCell-root"
              >
                <button
                  class="MuiButtonBase-root MuiButton-root MuiButton-text MuiButton-textPrimary MuiButton-sizeMedium MuiButton-textSizeMedium MuiButton-root MuiButton-text MuiButton-textPrimary MuiButton-sizeMedium MuiButton-textSizeMedium css-1e6y48t-MuiButtonBase-root-MuiButton-root"
                  tabindex="0"
                  type="button"
                >
                  r3c4
                  <span
                    class="MuiTouchRipple-root css-8je8zh-MuiTouchRipple-root"
                  />
                </button>
              </td>
            </tr>
          </tbody>
        </table>
      </div>
    </div>
  </body>,
  "container": <div>
    <div
      class="MuiTableContainer-root css-u77c0j-MuiTableContainer-root"
    >
      <table
        class="MuiTable-root css-rqglhn-MuiTable-root"
      >
        <thead
          class="MuiTableHead-root css-whv87p-MuiTableHead-root"
        >
          <tr
            class="MuiTableRow-root MuiTableRow-head css-1q1u3t4-MuiTableRow-root"
          >
            <th
              class="MuiTableCell-root MuiTableCell-head MuiTableCell-sizeMedium css-1ygcj2i-MuiTableCell-root"
              scope="col"
            >
              c1
            </th>
            <th
              class="MuiTableCell-root MuiTableCell-head MuiTableCell-sizeMedium css-1ygcj2i-MuiTableCell-root"
              scope="col"
            >
              c2
            </th>
            <th
              class="MuiTableCell-root MuiTableCell-head MuiTableCell-sizeMedium css-1ygcj2i-MuiTableCell-root"
              scope="col"
            >
              c3
            </th>
            <th
              class="MuiTableCell-root MuiTableCell-head MuiTableCell-sizeMedium css-1ygcj2i-MuiTableCell-root"
              scope="col"
            >
              c4
            </th>
          </tr>
        </thead>
        <tbody
          class="MuiTableBody-root css-1nq9kkf-MuiTableBody-root"
        >
          <tr
            class="MuiTableRow-root css-1p72hwd-MuiTableRow-root"
          >
            <td
              class="MuiTableCell-root MuiTableCell-body MuiTableCell-sizeMedium css-1rpd3i8-MuiTableCell-root"
            >
              <span
                class="MuiTypography-root MuiTypography-body2 css-1h9j9ew-MuiTypography-root"
              >
                r1c1
              </span>
            </td>
            <td
              class="MuiTableCell-root MuiTableCell-body MuiTableCell-sizeMedium css-1rpd3i8-MuiTableCell-root"
            >
              <span
                class="MuiTypography-root MuiTypography-body2 css-1h9j9ew-MuiTypography-root"
              >
                r1c2
              </span>
            </td>
            <td
              class="MuiTableCell-root MuiTableCell-body MuiTableCell-sizeMedium css-1rpd3i8-MuiTableCell-root"
            >
              <span
                class="MuiTypography-root MuiTypography-body2 css-1h9j9ew-MuiTypography-root"
              >
                r1c3
              </span>
            </td>
            <td
              class="MuiTableCell-root MuiTableCell-body MuiTableCell-sizeMedium css-1rpd3i8-MuiTableCell-root"
            >
              <div
                class="MuiChip-root MuiChip-filled MuiChip-sizeMedium MuiChip-colorDefault MuiChip-filledDefault css-w66kx-MuiChip-root"
              >
                <span
                  class="MuiChip-label MuiChip-labelMedium css-6od3lo-MuiChip-label"
                >
                  r1c4
                </span>
              </div>
            </td>
            <td
              class="MuiTableCell-root MuiTableCell-body MuiTableCell-alignRight MuiTableCell-sizeMedium css-2u9kxv-MuiTableCell-root"
            >
              <button
                class="MuiButtonBase-root MuiButton-root MuiButton-text MuiButton-textPrimary MuiButton-sizeMedium MuiButton-textSizeMedium MuiButton-root MuiButton-text MuiButton-textPrimary MuiButton-sizeMedium MuiButton-textSizeMedium css-1e6y48t-MuiButtonBase-root-MuiButton-root"
                tabindex="0"
                type="button"
              >
                r1c4
                <span
                  class="MuiTouchRipple-root css-8je8zh-MuiTouchRipple-root"
                />
              </button>
            </td>
          </tr>
          <tr
            class="MuiTableRow-root css-1p72hwd-MuiTableRow-root"
          >
            <td
              class="MuiTableCell-root MuiTableCell-body MuiTableCell-sizeMedium css-1rpd3i8-MuiTableCell-root"
            >
              <span
                class="MuiTypography-root MuiTypography-body2 css-1h9j9ew-MuiTypography-root"
              >
                r2c1
              </span>
            </td>
            <td
              class="MuiTableCell-root MuiTableCell-body MuiTableCell-sizeMedium css-1rpd3i8-MuiTableCell-root"
            >
              <span
                class="MuiTypography-root MuiTypography-body2 css-1h9j9ew-MuiTypography-root"
              >
                r2c2
              </span>
            </td>
            <td
              class="MuiTableCell-root MuiTableCell-body MuiTableCell-sizeMedium css-1rpd3i8-MuiTableCell-root"
            >
              <span
                class="MuiTypography-root MuiTypography-body2 css-1h9j9ew-MuiTypography-root"
              >
                r2c3
              </span>
            </td>
            <td
              class="MuiTableCell-root MuiTableCell-body MuiTableCell-sizeMedium css-1rpd3i8-MuiTableCell-root"
            >
              <div
                class="MuiChip-root MuiChip-filled MuiChip-sizeMedium MuiChip-colorDefault MuiChip-filledDefault css-w66kx-MuiChip-root"
              >
                <span
                  class="MuiChip-label MuiChip-labelMedium css-6od3lo-MuiChip-label"
                >
                  r2c4
                </span>
              </div>
            </td>
            <td
              class="MuiTableCell-root MuiTableCell-body MuiTableCell-alignRight MuiTableCell-sizeMedium css-2u9kxv-MuiTableCell-root"
            >
              <button
                class="MuiButtonBase-root MuiButton-root MuiButton-text MuiButton-textPrimary MuiButton-sizeMedium MuiButton-textSizeMedium MuiButton-root MuiButton-text MuiButton-textPrimary MuiButton-sizeMedium MuiButton-textSizeMedium css-1e6y48t-MuiButtonBase-root-MuiButton-root"
                tabindex="0"
                type="button"
              >
                r2c4
                <span
                  class="MuiTouchRipple-root css-8je8zh-MuiTouchRipple-root"
                />
              </button>
            </td>
          </tr>
          <tr
            class="MuiTableRow-root css-1p72hwd-MuiTableRow-root"
          >
            <td
              class="MuiTableCell-root MuiTableCell-body MuiTableCell-sizeMedium css-1rpd3i8-MuiTableCell-root"
            >
              <span
                class="MuiTypography-root MuiTypography-body2 css-1h9j9ew-MuiTypography-root"
              >
                r3c1
              </span>
            </td>
            <td
              class="MuiTableCell-root MuiTableCell-body MuiTableCell-sizeMedium css-1rpd3i8-MuiTableCell-root"
            >
              <span
                class="MuiTypography-root MuiTypography-body2 css-1h9j9ew-MuiTypography-root"
              >
                r3c2
              </span>
            </td>
            <td
              class="MuiTableCell-root MuiTableCell-body MuiTableCell-sizeMedium css-1rpd3i8-MuiTableCell-root"
            >
              <span
                class="MuiTypography-root MuiTypography-body2 css-1h9j9ew-MuiTypography-root"
              >
                r3c3
              </span>
            </td>
            <td
              class="MuiTableCell-root MuiTableCell-body MuiTableCell-sizeMedium css-1rpd3i8-MuiTableCell-root"
            >
              <div
                class="MuiChip-root MuiChip-filled MuiChip-sizeMedium MuiChip-colorDefault MuiChip-filledDefault css-w66kx-MuiChip-root"
              >
                <span
                  class="MuiChip-label MuiChip-labelMedium css-6od3lo-MuiChip-label"
                >
                  r3c4
                </span>
              </div>
            </td>
            <td
              class="MuiTableCell-root MuiTableCell-body MuiTableCell-alignRight MuiTableCell-sizeMedium css-2u9kxv-MuiTableCell-root"
            >
              <button
                class="MuiButtonBase-root MuiButton-root MuiButton-text MuiButton-textPrimary MuiButton-sizeMedium MuiButton-textSizeMedium MuiButton-root MuiButton-text MuiButton-textPrimary MuiButton-sizeMedium MuiButton-textSizeMedium css-1e6y48t-MuiButtonBase-root-MuiButton-root"
                tabindex="0"
                type="button"
              >
                r3c4
                <span
                  class="MuiTouchRipple-root css-8je8zh-MuiTouchRipple-root"
                />
              </button>
            </td>
          </tr>
        </tbody>
      </table>
    </div>
  </div>,
  "debug": [Function],
  "findAllByAltText": [Function],
  "findAllByDisplayValue": [Function],
  "findAllByLabelText": [Function],
  "findAllByPlaceholderText": [Function],
  "findAllByRole": [Function],
  "findAllByTestId": [Function],
  "findAllByText": [Function],
  "findAllByTitle": [Function],
  "findByAltText": [Function],
  "findByDisplayValue": [Function],
  "findByLabelText": [Function],
  "findByPlaceholderText": [Function],
  "findByRole": [Function],
  "findByTestId": [Function],
  "findByText": [Function],
  "findByTitle": [Function],
  "getAllByAltText": [Function],
  "getAllByDisplayValue": [Function],
  "getAllByLabelText": [Function],
  "getAllByPlaceholderText": [Function],
  "getAllByRole": [Function],
  "getAllByTestId": [Function],
  "getAllByText": [Function],
  "getAllByTitle": [Function],
  "getByAltText": [Function],
  "getByDisplayValue": [Function],
  "getByLabelText": [Function],
  "getByPlaceholderText": [Function],
  "getByRole": [Function],
  "getByTestId": [Function],
  "getByText": [Function],
  "getByTitle": [Function],
  "queryAllByAltText": [Function],
  "queryAllByDisplayValue": [Function],
  "queryAllByLabelText": [Function],
  "queryAllByPlaceholderText": [Function],
  "queryAllByRole": [Function],
  "queryAllByTestId": [Function],
  "queryAllByText": [Function],
  "queryAllByTitle": [Function],
  "queryByAltText": [Function],
  "queryByDisplayValue": [Function],
  "queryByLabelText": [Function],
  "queryByPlaceholderText": [Function],
  "queryByRole": [Function],
  "queryByTestId": [Function],
  "queryByText": [Function],
  "queryByTitle": [Function],
  "rerender": [Function],
  "unmount": [Function],
}
`;

exports[`Checks that Table snapshots didn't change > renders a Table with 2 head labels and 2 rows 1`] = `
{
  "asFragment": [Function],
  "baseElement": <body>
    <div>
      <div
        class="MuiTableContainer-root css-u77c0j-MuiTableContainer-root"
      >
        <table
          class="MuiTable-root css-rqglhn-MuiTable-root"
        >
          <thead
            class="MuiTableHead-root css-whv87p-MuiTableHead-root"
          >
            <tr
              class="MuiTableRow-root MuiTableRow-head css-1q1u3t4-MuiTableRow-root"
            >
              <th
                class="MuiTableCell-root MuiTableCell-head MuiTableCell-sizeMedium css-1ygcj2i-MuiTableCell-root"
                scope="col"
              >
                c1
              </th>
              <th
                class="MuiTableCell-root MuiTableCell-head MuiTableCell-sizeMedium css-1ygcj2i-MuiTableCell-root"
                scope="col"
              >
                c2
              </th>
              <th
                class="MuiTableCell-root MuiTableCell-head MuiTableCell-sizeMedium css-1ygcj2i-MuiTableCell-root"
                scope="col"
              >
                c3
              </th>
              <th
                class="MuiTableCell-root MuiTableCell-head MuiTableCell-sizeMedium css-1ygcj2i-MuiTableCell-root"
                scope="col"
              >
                c4
              </th>
            </tr>
          </thead>
          <tbody
            class="MuiTableBody-root css-1nq9kkf-MuiTableBody-root"
          >
            <tr
              class="MuiTableRow-root css-1p72hwd-MuiTableRow-root"
            >
              <td
                class="MuiTableCell-root MuiTableCell-body MuiTableCell-sizeMedium css-1rpd3i8-MuiTableCell-root"
              >
                <span
                  class="MuiTypography-root MuiTypography-body2 css-1h9j9ew-MuiTypography-root"
                >
                  r1c1
                </span>
              </td>
              <td
                class="MuiTableCell-root MuiTableCell-body MuiTableCell-sizeMedium css-1rpd3i8-MuiTableCell-root"
              >
                <span
                  class="MuiTypography-root MuiTypography-body2 css-1h9j9ew-MuiTypography-root"
                >
                  r1c2
                </span>
              </td>
              <td
                class="MuiTableCell-root MuiTableCell-body MuiTableCell-sizeMedium css-1rpd3i8-MuiTableCell-root"
              >
                <span
                  class="MuiTypography-root MuiTypography-body2 css-1h9j9ew-MuiTypography-root"
                >
                  r1c3
                </span>
              </td>
              <td
                class="MuiTableCell-root MuiTableCell-body MuiTableCell-sizeMedium css-1rpd3i8-MuiTableCell-root"
              >
                <div
                  class="MuiChip-root MuiChip-filled MuiChip-sizeMedium MuiChip-colorDefault MuiChip-filledDefault css-w66kx-MuiChip-root"
                >
                  <span
                    class="MuiChip-label MuiChip-labelMedium css-6od3lo-MuiChip-label"
                  >
                    r1c4
                  </span>
                </div>
              </td>
              <td
                class="MuiTableCell-root MuiTableCell-body MuiTableCell-alignRight MuiTableCell-sizeMedium css-2u9kxv-MuiTableCell-root"
              >
                <button
                  class="MuiButtonBase-root MuiButton-root MuiButton-text MuiButton-textPrimary MuiButton-sizeMedium MuiButton-textSizeMedium MuiButton-root MuiButton-text MuiButton-textPrimary MuiButton-sizeMedium MuiButton-textSizeMedium css-1e6y48t-MuiButtonBase-root-MuiButton-root"
                  tabindex="0"
                  type="button"
                >
                  r1c4
                  <span
                    class="MuiTouchRipple-root css-8je8zh-MuiTouchRipple-root"
                  />
                </button>
              </td>
            </tr>
            <tr
              class="MuiTableRow-root css-1p72hwd-MuiTableRow-root"
            >
              <td
                class="MuiTableCell-root MuiTableCell-body MuiTableCell-sizeMedium css-1rpd3i8-MuiTableCell-root"
              >
                <span
                  class="MuiTypography-root MuiTypography-body2 css-1h9j9ew-MuiTypography-root"
                >
                  r2c1
                </span>
              </td>
              <td
                class="MuiTableCell-root MuiTableCell-body MuiTableCell-sizeMedium css-1rpd3i8-MuiTableCell-root"
              >
                <span
                  class="MuiTypography-root MuiTypography-body2 css-1h9j9ew-MuiTypography-root"
                >
                  r2c2
                </span>
              </td>
              <td
                class="MuiTableCell-root MuiTableCell-body MuiTableCell-sizeMedium css-1rpd3i8-MuiTableCell-root"
              >
                <span
                  class="MuiTypography-root MuiTypography-body2 css-1h9j9ew-MuiTypography-root"
                >
                  r2c3
                </span>
              </td>
              <td
                class="MuiTableCell-root MuiTableCell-body MuiTableCell-sizeMedium css-1rpd3i8-MuiTableCell-root"
              >
                <div
                  class="MuiChip-root MuiChip-filled MuiChip-sizeMedium MuiChip-colorDefault MuiChip-filledDefault css-w66kx-MuiChip-root"
                >
                  <span
                    class="MuiChip-label MuiChip-labelMedium css-6od3lo-MuiChip-label"
                  >
                    r2c4
                  </span>
                </div>
              </td>
              <td
                class="MuiTableCell-root MuiTableCell-body MuiTableCell-alignRight MuiTableCell-sizeMedium css-2u9kxv-MuiTableCell-root"
              >
                <button
                  class="MuiButtonBase-root MuiButton-root MuiButton-text MuiButton-textPrimary MuiButton-sizeMedium MuiButton-textSizeMedium MuiButton-root MuiButton-text MuiButton-textPrimary MuiButton-sizeMedium MuiButton-textSizeMedium css-1e6y48t-MuiButtonBase-root-MuiButton-root"
                  tabindex="0"
                  type="button"
                >
                  r2c4
                  <span
                    class="MuiTouchRipple-root css-8je8zh-MuiTouchRipple-root"
                  />
                </button>
              </td>
            </tr>
            <tr
              class="MuiTableRow-root css-1p72hwd-MuiTableRow-root"
            >
              <td
                class="MuiTableCell-root MuiTableCell-body MuiTableCell-sizeMedium css-1rpd3i8-MuiTableCell-root"
              >
                <span
                  class="MuiTypography-root MuiTypography-body2 css-1h9j9ew-MuiTypography-root"
                >
                  r3c1
                </span>
              </td>
              <td
                class="MuiTableCell-root MuiTableCell-body MuiTableCell-sizeMedium css-1rpd3i8-MuiTableCell-root"
              >
                <span
                  class="MuiTypography-root MuiTypography-body2 css-1h9j9ew-MuiTypography-root"
                >
                  r3c2
                </span>
              </td>
              <td
                class="MuiTableCell-root MuiTableCell-body MuiTableCell-sizeMedium css-1rpd3i8-MuiTableCell-root"
              >
                <span
                  class="MuiTypography-root MuiTypography-body2 css-1h9j9ew-MuiTypography-root"
                >
                  r3c3
                </span>
              </td>
              <td
                class="MuiTableCell-root MuiTableCell-body MuiTableCell-sizeMedium css-1rpd3i8-MuiTableCell-root"
              >
                <div
                  class="MuiChip-root MuiChip-filled MuiChip-sizeMedium MuiChip-colorDefault MuiChip-filledDefault css-w66kx-MuiChip-root"
                >
                  <span
                    class="MuiChip-label MuiChip-labelMedium css-6od3lo-MuiChip-label"
                  >
                    r3c4
                  </span>
                </div>
              </td>
              <td
                class="MuiTableCell-root MuiTableCell-body MuiTableCell-alignRight MuiTableCell-sizeMedium css-2u9kxv-MuiTableCell-root"
              >
                <button
                  class="MuiButtonBase-root MuiButton-root MuiButton-text MuiButton-textPrimary MuiButton-sizeMedium MuiButton-textSizeMedium MuiButton-root MuiButton-text MuiButton-textPrimary MuiButton-sizeMedium MuiButton-textSizeMedium css-1e6y48t-MuiButtonBase-root-MuiButton-root"
                  tabindex="0"
                  type="button"
                >
                  r3c4
                  <span
                    class="MuiTouchRipple-root css-8je8zh-MuiTouchRipple-root"
                  />
                </button>
              </td>
            </tr>
          </tbody>
        </table>
      </div>
    </div>
  </body>,
  "container": <div>
    <div
      class="MuiTableContainer-root css-u77c0j-MuiTableContainer-root"
    >
      <table
        class="MuiTable-root css-rqglhn-MuiTable-root"
      >
        <thead
          class="MuiTableHead-root css-whv87p-MuiTableHead-root"
        >
          <tr
            class="MuiTableRow-root MuiTableRow-head css-1q1u3t4-MuiTableRow-root"
          >
            <th
              class="MuiTableCell-root MuiTableCell-head MuiTableCell-sizeMedium css-1ygcj2i-MuiTableCell-root"
              scope="col"
            >
              c1
            </th>
            <th
              class="MuiTableCell-root MuiTableCell-head MuiTableCell-sizeMedium css-1ygcj2i-MuiTableCell-root"
              scope="col"
            >
              c2
            </th>
            <th
              class="MuiTableCell-root MuiTableCell-head MuiTableCell-sizeMedium css-1ygcj2i-MuiTableCell-root"
              scope="col"
            >
              c3
            </th>
            <th
              class="MuiTableCell-root MuiTableCell-head MuiTableCell-sizeMedium css-1ygcj2i-MuiTableCell-root"
              scope="col"
            >
              c4
            </th>
          </tr>
        </thead>
        <tbody
          class="MuiTableBody-root css-1nq9kkf-MuiTableBody-root"
        >
          <tr
            class="MuiTableRow-root css-1p72hwd-MuiTableRow-root"
          >
            <td
              class="MuiTableCell-root MuiTableCell-body MuiTableCell-sizeMedium css-1rpd3i8-MuiTableCell-root"
            >
              <span
                class="MuiTypography-root MuiTypography-body2 css-1h9j9ew-MuiTypography-root"
              >
                r1c1
              </span>
            </td>
            <td
              class="MuiTableCell-root MuiTableCell-body MuiTableCell-sizeMedium css-1rpd3i8-MuiTableCell-root"
            >
              <span
                class="MuiTypography-root MuiTypography-body2 css-1h9j9ew-MuiTypography-root"
              >
                r1c2
              </span>
            </td>
            <td
              class="MuiTableCell-root MuiTableCell-body MuiTableCell-sizeMedium css-1rpd3i8-MuiTableCell-root"
            >
              <span
                class="MuiTypography-root MuiTypography-body2 css-1h9j9ew-MuiTypography-root"
              >
                r1c3
              </span>
            </td>
            <td
              class="MuiTableCell-root MuiTableCell-body MuiTableCell-sizeMedium css-1rpd3i8-MuiTableCell-root"
            >
              <div
                class="MuiChip-root MuiChip-filled MuiChip-sizeMedium MuiChip-colorDefault MuiChip-filledDefault css-w66kx-MuiChip-root"
              >
                <span
                  class="MuiChip-label MuiChip-labelMedium css-6od3lo-MuiChip-label"
                >
                  r1c4
                </span>
              </div>
            </td>
            <td
              class="MuiTableCell-root MuiTableCell-body MuiTableCell-alignRight MuiTableCell-sizeMedium css-2u9kxv-MuiTableCell-root"
            >
              <button
                class="MuiButtonBase-root MuiButton-root MuiButton-text MuiButton-textPrimary MuiButton-sizeMedium MuiButton-textSizeMedium MuiButton-root MuiButton-text MuiButton-textPrimary MuiButton-sizeMedium MuiButton-textSizeMedium css-1e6y48t-MuiButtonBase-root-MuiButton-root"
                tabindex="0"
                type="button"
              >
                r1c4
                <span
                  class="MuiTouchRipple-root css-8je8zh-MuiTouchRipple-root"
                />
              </button>
            </td>
          </tr>
          <tr
            class="MuiTableRow-root css-1p72hwd-MuiTableRow-root"
          >
            <td
              class="MuiTableCell-root MuiTableCell-body MuiTableCell-sizeMedium css-1rpd3i8-MuiTableCell-root"
            >
              <span
                class="MuiTypography-root MuiTypography-body2 css-1h9j9ew-MuiTypography-root"
              >
                r2c1
              </span>
            </td>
            <td
              class="MuiTableCell-root MuiTableCell-body MuiTableCell-sizeMedium css-1rpd3i8-MuiTableCell-root"
            >
              <span
                class="MuiTypography-root MuiTypography-body2 css-1h9j9ew-MuiTypography-root"
              >
                r2c2
              </span>
            </td>
            <td
              class="MuiTableCell-root MuiTableCell-body MuiTableCell-sizeMedium css-1rpd3i8-MuiTableCell-root"
            >
              <span
                class="MuiTypography-root MuiTypography-body2 css-1h9j9ew-MuiTypography-root"
              >
                r2c3
              </span>
            </td>
            <td
              class="MuiTableCell-root MuiTableCell-body MuiTableCell-sizeMedium css-1rpd3i8-MuiTableCell-root"
            >
              <div
                class="MuiChip-root MuiChip-filled MuiChip-sizeMedium MuiChip-colorDefault MuiChip-filledDefault css-w66kx-MuiChip-root"
              >
                <span
                  class="MuiChip-label MuiChip-labelMedium css-6od3lo-MuiChip-label"
                >
                  r2c4
                </span>
              </div>
            </td>
            <td
              class="MuiTableCell-root MuiTableCell-body MuiTableCell-alignRight MuiTableCell-sizeMedium css-2u9kxv-MuiTableCell-root"
            >
              <button
                class="MuiButtonBase-root MuiButton-root MuiButton-text MuiButton-textPrimary MuiButton-sizeMedium MuiButton-textSizeMedium MuiButton-root MuiButton-text MuiButton-textPrimary MuiButton-sizeMedium MuiButton-textSizeMedium css-1e6y48t-MuiButtonBase-root-MuiButton-root"
                tabindex="0"
                type="button"
              >
                r2c4
                <span
                  class="MuiTouchRipple-root css-8je8zh-MuiTouchRipple-root"
                />
              </button>
            </td>
          </tr>
          <tr
            class="MuiTableRow-root css-1p72hwd-MuiTableRow-root"
          >
            <td
              class="MuiTableCell-root MuiTableCell-body MuiTableCell-sizeMedium css-1rpd3i8-MuiTableCell-root"
            >
              <span
                class="MuiTypography-root MuiTypography-body2 css-1h9j9ew-MuiTypography-root"
              >
                r3c1
              </span>
            </td>
            <td
              class="MuiTableCell-root MuiTableCell-body MuiTableCell-sizeMedium css-1rpd3i8-MuiTableCell-root"
            >
              <span
                class="MuiTypography-root MuiTypography-body2 css-1h9j9ew-MuiTypography-root"
              >
                r3c2
              </span>
            </td>
            <td
              class="MuiTableCell-root MuiTableCell-body MuiTableCell-sizeMedium css-1rpd3i8-MuiTableCell-root"
            >
              <span
                class="MuiTypography-root MuiTypography-body2 css-1h9j9ew-MuiTypography-root"
              >
                r3c3
              </span>
            </td>
            <td
              class="MuiTableCell-root MuiTableCell-body MuiTableCell-sizeMedium css-1rpd3i8-MuiTableCell-root"
            >
              <div
                class="MuiChip-root MuiChip-filled MuiChip-sizeMedium MuiChip-colorDefault MuiChip-filledDefault css-w66kx-MuiChip-root"
              >
                <span
                  class="MuiChip-label MuiChip-labelMedium css-6od3lo-MuiChip-label"
                >
                  r3c4
                </span>
              </div>
            </td>
            <td
              class="MuiTableCell-root MuiTableCell-body MuiTableCell-alignRight MuiTableCell-sizeMedium css-2u9kxv-MuiTableCell-root"
            >
              <button
                class="MuiButtonBase-root MuiButton-root MuiButton-text MuiButton-textPrimary MuiButton-sizeMedium MuiButton-textSizeMedium MuiButton-root MuiButton-text MuiButton-textPrimary MuiButton-sizeMedium MuiButton-textSizeMedium css-1e6y48t-MuiButtonBase-root-MuiButton-root"
                tabindex="0"
                type="button"
              >
                r3c4
                <span
                  class="MuiTouchRipple-root css-8je8zh-MuiTouchRipple-root"
                />
              </button>
            </td>
          </tr>
        </tbody>
      </table>
    </div>
  </div>,
  "debug": [Function],
  "findAllByAltText": [Function],
  "findAllByDisplayValue": [Function],
  "findAllByLabelText": [Function],
  "findAllByPlaceholderText": [Function],
  "findAllByRole": [Function],
  "findAllByTestId": [Function],
  "findAllByText": [Function],
  "findAllByTitle": [Function],
  "findByAltText": [Function],
  "findByDisplayValue": [Function],
  "findByLabelText": [Function],
  "findByPlaceholderText": [Function],
  "findByRole": [Function],
  "findByTestId": [Function],
  "findByText": [Function],
  "findByTitle": [Function],
  "getAllByAltText": [Function],
  "getAllByDisplayValue": [Function],
  "getAllByLabelText": [Function],
  "getAllByPlaceholderText": [Function],
  "getAllByRole": [Function],
  "getAllByTestId": [Function],
  "getAllByText": [Function],
  "getAllByTitle": [Function],
  "getByAltText": [Function],
  "getByDisplayValue": [Function],
  "getByLabelText": [Function],
  "getByPlaceholderText": [Function],
  "getByRole": [Function],
  "getByTestId": [Function],
  "getByText": [Function],
  "getByTitle": [Function],
  "queryAllByAltText": [Function],
  "queryAllByDisplayValue": [Function],
  "queryAllByLabelText": [Function],
  "queryAllByPlaceholderText": [Function],
  "queryAllByRole": [Function],
  "queryAllByTestId": [Function],
  "queryAllByText": [Function],
  "queryAllByTitle": [Function],
  "queryByAltText": [Function],
  "queryByDisplayValue": [Function],
  "queryByLabelText": [Function],
  "queryByPlaceholderText": [Function],
  "queryByRole": [Function],
  "queryByTestId": [Function],
  "queryByText": [Function],
  "queryByTitle": [Function],
  "rerender": [Function],
  "unmount": [Function],
}
`;
