// Vitest Snapshot v1, https://vitest.dev/guide/snapshot.html

exports[`OperatorGeneralInfoSection > should match the snapshot 1`] = `
<body>
  <div>
    <div
      class="MuiPaper-root MuiPaper-elevation MuiPaper-rounded MuiPaper-elevation1 css-1w5x330-MuiPaper-root"
    >
      <div
        class="css-nen11g-MuiStack-root"
      >
        <h2
          class="MuiTypography-root MuiTypography-overline css-b3fch5-MuiTypography-root"
        >
          generalInformations
        </h2>
      </div>
      <div
        class="MuiBox-root css-1yuhvjn"
      >
        <div
          class="css-1p5q5e5-MuiStack-root"
        >
          <div
            class="css-88r4rx-MuiStack-root"
          >
            <div
              class="MuiBox-root css-iuqs4u"
            >
              <p
                class="MuiTypography-root MuiTypography-body2 css-e784if-MuiTypography-root"
              >
                taxCodeField.label
              </p>
            </div>
            <div
              class="MuiBox-root css-1rr4qq7"
            >
              <p
                class="MuiTypography-root MuiTypography-body2 css-hoiwr4-MuiTypography-root"
              >
                MRORSSR78M21B354T
              </p>
            </div>
          </div>
          <div
            class="css-19qjufr-MuiStack-root"
          >
            <div
              class="MuiBox-root css-iuqs4u"
            >
              <p
                class="MuiTypography-root MuiTypography-body2 css-e784if-MuiTypography-root"
              >
                productRoleField.label
              </p>
            </div>
            <div
              class="MuiBox-root css-1rr4qq7"
            >
              <p
                class="MuiTypography-root MuiTypography-body2 css-hoiwr4-MuiTypography-root"
              >
                userProductRole.admin
              </p>
            </div>
          </div>
        </div>
      </div>
    </div>
  </div>
</body>
`;

exports[`OperatorGeneralInfoSectionSkeleton > should match the snapshot 1`] = `
<body>
  <div>
    <span
      class="MuiSkeleton-root MuiSkeleton-rectangular MuiSkeleton-pulse css-4i8vzz-MuiSkeleton-root"
      style="height: 235px;"
    />
  </div>
</body>
`;
