// Vitest Snapshot v1, https://vitest.dev/guide/snapshot.html

exports[`AgreementUpgradeGuideSection > should match the snapshot 1`] = `
<body>
  <div>
    <div
      class="MuiPaper-root MuiPaper-elevation MuiPaper-rounded MuiPaper-elevation0 MuiAlert-root MuiAlert-standardWarning MuiAlert-standard css-1ot7o2q-MuiPaper-root-MuiAlert-root"
      role="alert"
    >
      <div
        class="MuiAlert-icon css-1ytlwq5-MuiAlert-icon"
      >
        <svg
          aria-hidden="true"
          class="MuiSvgIcon-root MuiSvgIcon-fontSizeInherit css-1vooibu-MuiSvgIcon-root"
          data-testid="ReportProblemOutlinedIcon"
          focusable="false"
          viewBox="0 0 24 24"
        >
          <path
            d="M12 5.99L19.53 19H4.47L12 5.99M12 2L1 21h22L12 2zm1 14h-2v2h2v-2zm0-6h-2v4h2v-4z"
          />
        </svg>
      </div>
      <div
        class="MuiAlert-message css-1pxa9xg-MuiAlert-message"
      >
        alertLabel
      </div>
    </div>
    <div
      class="MuiPaper-root MuiPaper-elevation MuiPaper-rounded MuiPaper-elevation1 css-1w5x330-MuiPaper-root"
    >
      <div
        class="css-nen11g-MuiStack-root"
      >
        <h2
          class="MuiTypography-root MuiTypography-overline css-b3fch5-MuiTypography-root"
        >
          title
        </h2>
        <span
          class="MuiTypography-root MuiTypography-caption css-ol7wxs-MuiTypography-root"
        >
          description
        </span>
      </div>
      <div
        class="MuiBox-root css-1yuhvjn"
      >
        <div
          class="css-1p5q5e5-MuiStack-root"
        >
          <div
            class="css-19qjufr-MuiStack-root"
          >
            <div
              class="MuiBox-root css-iuqs4u"
            >
              <p
                class="MuiTypography-root MuiTypography-body2 css-e784if-MuiTypography-root"
              >
                linksLabel
              </p>
            </div>
            <div
              class="MuiBox-root css-1rr4qq7"
            >
              <div
                class="MuiTypography-root MuiTypography-body2 css-hoiwr4-MuiTypography-root"
              >
                <div
                  class="css-1okj3ks-MuiStack-root"
                >
                  <a
                    class="MuiTypography-root MuiTypography-body2 MuiLink-root MuiLink-underlineHover css-1rq2pt3-MuiTypography-root-MuiLink-root"
                    href="https://docs.pagopa.it/interoperabilita-1/manuale-operativo/richieste-di-fruizione#fruitore-aggiornare-una-richiesta-di-fruizione"
                    target="_blank"
                  >
                    <svg
                      aria-hidden="true"
                      class="MuiSvgIcon-root MuiSvgIcon-fontSizeSmall css-15ikgma-MuiSvgIcon-root"
                      data-testid="LaunchIcon"
                      focusable="false"
                      viewBox="0 0 24 24"
                    >
                      <path
                        d="M19 19H5V5h7V3H5c-1.11 0-2 .9-2 2v14c0 1.1.89 2 2 2h14c1.1 0 2-.9 2-2v-7h-2v7zM14 3v2h3.59l-9.83 9.83 1.41 1.41L19 6.41V10h2V3h-7z"
                      />
                    </svg>
                     
                    upgradeGuideLinkLabel
                  </a>
                  <a
                    class="MuiTypography-root MuiTypography-body2 MuiLink-root MuiLink-underlineHover css-1rq2pt3-MuiTypography-root-MuiLink-root"
                    href="/it/fruizione/catalogo-e-service/47f82055-77fd-4efd-8ed6-8a7d3021c879/b79fc9ac-2882-49bd-afd1-71f4284f117c"
                    target="_blank"
                  >
                    <svg
                      aria-hidden="true"
                      class="MuiSvgIcon-root MuiSvgIcon-fontSizeSmall css-15ikgma-MuiSvgIcon-root"
                      data-testid="LinkIcon"
                      focusable="false"
                      viewBox="0 0 24 24"
                    >
                      <path
                        d="M3.9 12c0-1.71 1.39-3.1 3.1-3.1h4V7H7c-2.76 0-5 2.24-5 5s2.24 5 5 5h4v-1.9H7c-1.71 0-3.1-1.39-3.1-3.1zM8 13h8v-2H8v2zm9-6h-4v1.9h4c1.71 0 3.1 1.39 3.1 3.1s-1.39 3.1-3.1 3.1h-4V17h4c2.76 0 5-2.24 5-5s-2.24-5-5-5z"
                      />
                    </svg>
                     
                    <span>
                      eserviceLinkLabel
                    </span>
                  </a>
                </div>
              </div>
            </div>
          </div>
          <hr
            class="MuiDivider-root MuiDivider-fullWidth css-9mgopn-MuiDivider-root"
          />
          <div
            class="css-13f3otb-MuiStack-root"
          >
            <button
              class="MuiButtonBase-root MuiButton-root MuiButton-outlined MuiButton-outlinedPrimary MuiButton-sizeMedium MuiButton-outlinedSizeMedium MuiButton-root MuiButton-outlined MuiButton-outlinedPrimary MuiButton-sizeMedium MuiButton-outlinedSizeMedium css-1rwt2y5-MuiButtonBase-root-MuiButton-root"
              tabindex="0"
              type="button"
            >
              upgradeBtn
              <span
                class="MuiTouchRipple-root css-8je8zh-MuiTouchRipple-root"
              />
            </button>
          </div>
        </div>
      </div>
    </div>
  </div>
</body>
`;
