// Vitest Snapshot v1, https://vitest.dev/guide/snapshot.html

exports[`EServiceCreateStep3DocumentsDoc > should match snapshot if there is actualInterface 1`] = `
<body>
  <div>
    <div
      class="css-gmwslw-MuiStack-root"
    >
      <div
        class="MuiBox-root css-n2ek5d"
      >
        <div
          class="MuiFormControl-root MuiTextField-root css-8rphz-MuiFormControl-root-MuiTextField-root"
        >
          <label
            class="MuiFormLabel-root MuiInputLabel-root MuiInputLabel-formControl MuiInputLabel-animated MuiInputLabel-shrink MuiInputLabel-outlined MuiFormLabel-colorPrimary Mui-disabled MuiFormLabel-filled MuiInputLabel-root MuiInputLabel-formControl MuiInputLabel-animated MuiInputLabel-shrink MuiInputLabel-outlined css-1sumxir-MuiFormLabel-root-MuiInputLabel-root"
            data-shrink="true"
            for=":r2:"
            id=":r2:-label"
          >
            prettyName.label
          </label>
          <div
            class="MuiInputBase-root MuiOutlinedInput-root MuiInputBase-colorPrimary Mui-disabled MuiInputBase-formControl MuiInputBase-adornedStart css-1q6at85-MuiInputBase-root-MuiOutlinedInput-root"
          >
            <div
              class="MuiInputAdornment-root MuiInputAdornment-positionStart MuiInputAdornment-outlined MuiInputAdornment-sizeMedium css-ittuaa-MuiInputAdornment-root"
            >
              <span
                class="notranslate"
              >
                â€‹
              </span>
              <svg
                aria-hidden="true"
                class="MuiSvgIcon-root MuiSvgIcon-fontSizeSmall css-ptiqhd-MuiSvgIcon-root"
                data-testid="AttachFileIcon"
                focusable="false"
                viewBox="0 0 24 24"
              >
                <path
                  d="M16.5 6v11.5c0 2.21-1.79 4-4 4s-4-1.79-4-4V5c0-1.38 1.12-2.5 2.5-2.5s2.5 1.12 2.5 2.5v10.5c0 .55-.45 1-1 1s-1-.45-1-1V6H10v9.5c0 1.38 1.12 2.5 2.5 2.5s2.5-1.12 2.5-2.5V5c0-2.21-1.79-4-4-4S7 2.79 7 5v12.5c0 3.04 2.46 5.5 5.5 5.5s5.5-2.46 5.5-5.5V6h-1.5z"
                />
              </svg>
            </div>
            <input
              aria-invalid="false"
              class="MuiInputBase-input MuiOutlinedInput-input Mui-disabled MuiInputBase-inputAdornedStart css-1o9s3wi-MuiInputBase-input-MuiOutlinedInput-input"
              disabled=""
              id=":r2:"
              maxlength="60"
              name="prettyName"
              type="text"
              value="document"
            />
            <fieldset
              aria-hidden="true"
              class="MuiOutlinedInput-notchedOutline css-1d3z3hw-MuiOutlinedInput-notchedOutline"
            >
              <legend
                class="css-14lo706"
              >
                <span>
                  prettyName.label
                </span>
              </legend>
            </fieldset>
          </div>
        </div>
      </div>
      <div
        class="css-qkqpx0-MuiStack-root"
      >
        <button
          aria-label="downloadDocument"
          class="MuiButtonBase-root MuiButton-root MuiButton-text MuiButton-textPrimary MuiButton-sizeMedium MuiButton-textSizeMedium MuiButton-root MuiButton-text MuiButton-textPrimary MuiButton-sizeMedium MuiButton-textSizeMedium css-1carnhg-MuiButtonBase-root-MuiButton-root"
          data-mui-internal-clone-element="true"
          tabindex="0"
          type="button"
        >
          <svg
            aria-hidden="true"
            class="MuiSvgIcon-root MuiSvgIcon-fontSizeSmall css-ptiqhd-MuiSvgIcon-root"
            data-testid="DownloadIcon"
            focusable="false"
            viewBox="0 0 24 24"
          >
            <path
              d="M5 20h14v-2H5v2zM19 9h-4V3H9v6H5l7 7 7-7z"
            />
          </svg>
          <span
            class="MuiTouchRipple-root css-8je8zh-MuiTouchRipple-root"
          />
        </button>
        <button
          aria-label="deleteDocument"
          class="MuiButtonBase-root MuiButton-root MuiButton-text MuiButton-textError MuiButton-sizeMedium MuiButton-textSizeMedium MuiButton-root MuiButton-text MuiButton-textError MuiButton-sizeMedium MuiButton-textSizeMedium css-15suzu7-MuiButtonBase-root-MuiButton-root"
          data-mui-internal-clone-element="true"
          tabindex="0"
          type="button"
        >
          <svg
            aria-hidden="true"
            class="MuiSvgIcon-root MuiSvgIcon-fontSizeSmall css-ptiqhd-MuiSvgIcon-root"
            data-testid="DeleteOutlineIcon"
            focusable="false"
            viewBox="0 0 24 24"
          >
            <path
              d="M6 19c0 1.1.9 2 2 2h8c1.1 0 2-.9 2-2V7H6v12zM8 9h8v10H8V9zm7.5-5-1-1h-5l-1 1H5v2h14V4z"
            />
          </svg>
          <span
            class="MuiTouchRipple-root css-8je8zh-MuiTouchRipple-root"
          />
        </button>
      </div>
    </div>
  </div>
</body>
`;

exports[`EServiceCreateStep3DocumentsDoc > should match snapshot if there is no actualInterface 1`] = `
<body>
  <div>
    <form
      class="MuiBox-root css-1qmoj6l"
      novalidate=""
    >
      <div
        class="MuiBox-root css-1mgrf5c"
      >
        <div
          class="MuiFormControl-root css-q8hpuo-MuiFormControl-root"
        >
          <label
            class="MuiFormLabel-root MuiFormLabel-colorPrimary css-1k551yo-MuiFormLabel-root"
            for="00000000-0000-4000-8000-000000000000"
          />
          <div
            class="MuiBox-root css-1alczda"
          >
            <button
              class="MuiBox-root css-1734zrc"
              data-testid="loadFromPc"
              type="button"
            >
              <div
                class="MuiBox-root css-1b8v44g"
              >
                <svg
                  aria-hidden="true"
                  class="MuiSvgIcon-root MuiSvgIcon-colorPrimary MuiSvgIcon-fontSizeMedium css-p2cdt4-MuiSvgIcon-root"
                  data-testid="CloudUploadIcon"
                  focusable="false"
                  viewBox="0 0 24 24"
                >
                  <path
                    d="M19.35 10.04C18.67 6.59 15.64 4 12 4 9.11 4 6.6 5.64 5.35 8.04 2.34 8.36 0 10.91 0 14c0 3.31 2.69 6 6 6h13c2.76 0 5-2.24 5-5 0-2.64-2.05-4.78-4.65-4.96zM14 13v4h-4v-4H7l5-5 5 5h-3z"
                  />
                </svg>
                <p
                  class="MuiTypography-root MuiTypography-body2 css-141vi1f-MuiTypography-root"
                >
                  dropzoneLabel
                </p>
                <div
                  class="MuiInputBase-root MuiInput-root MuiInput-underline MuiInputBase-colorPrimary MuiInputBase-formControl css-1s3b67t-MuiInputBase-root-MuiInput-root"
                  data-testid="fileInput"
                >
                  <input
                    aria-invalid="false"
                    class="MuiInputBase-input MuiInput-input css-1x51dt5-MuiInputBase-input-MuiInput-input"
                    id="00000000-0000-4000-8000-000000000000"
                    type="file"
                    value=""
                  />
                </div>
              </div>
            </button>
          </div>
        </div>
      </div>
      <div
        class="MuiBox-root css-1ebprri"
      >
        <div
          class="MuiFormControl-root MuiTextField-root css-1u3bzj6-MuiFormControl-root-MuiTextField-root"
        >
          <label
            class="MuiFormLabel-root MuiInputLabel-root MuiInputLabel-formControl MuiInputLabel-animated MuiInputLabel-shrink MuiInputLabel-outlined MuiFormLabel-colorPrimary Mui-disabled MuiFormLabel-filled MuiInputLabel-root MuiInputLabel-formControl MuiInputLabel-animated MuiInputLabel-shrink MuiInputLabel-outlined css-1sumxir-MuiFormLabel-root-MuiInputLabel-root"
            data-shrink="true"
            for=":r0:"
            id=":r0:-label"
          >
            create.step3.nameField.label
          </label>
          <div
            class="MuiInputBase-root MuiOutlinedInput-root MuiInputBase-colorPrimary Mui-disabled MuiInputBase-formControl css-9ddj71-MuiInputBase-root-MuiOutlinedInput-root"
          >
            <input
              aria-invalid="false"
              class="MuiInputBase-input MuiOutlinedInput-input Mui-disabled css-1t8l2tu-MuiInputBase-input-MuiOutlinedInput-input"
              disabled=""
              id=":r0:"
              name="prettyName"
              type="text"
              value="create.step3.interface.prettyName"
            />
            <fieldset
              aria-hidden="true"
              class="MuiOutlinedInput-notchedOutline css-1d3z3hw-MuiOutlinedInput-notchedOutline"
            >
              <legend
                class="css-14lo706"
              >
                <span>
                  create.step3.nameField.label
                </span>
              </legend>
            </fieldset>
          </div>
        </div>
      </div>
      <div
        class="css-181c0ax-MuiStack-root"
      >
        <button
          class="MuiButtonBase-root MuiButton-root MuiButton-contained MuiButton-containedPrimary MuiButton-sizeMedium MuiButton-containedSizeMedium MuiButton-root MuiButton-contained MuiButton-containedPrimary MuiButton-sizeMedium MuiButton-containedSizeMedium css-sghohy-MuiButtonBase-root-MuiButton-root"
          tabindex="0"
          type="submit"
        >
          <svg
            aria-hidden="true"
            class="MuiSvgIcon-root MuiSvgIcon-fontSizeSmall css-15ikgma-MuiSvgIcon-root"
            data-testid="UploadFileIcon"
            focusable="false"
            viewBox="0 0 24 24"
          >
            <path
              d="M14 2H6c-1.1 0-1.99.9-1.99 2L4 20c0 1.1.89 2 1.99 2H18c1.1 0 2-.9 2-2V8l-6-6zm4 18H6V4h7v5h5v11zM8 15.01l1.41 1.41L11 14.84V19h2v-4.16l1.59 1.59L16 15.01 12.01 11z"
            />
          </svg>
           
          create.step3.uploadBtn
          <span
            class="MuiTouchRipple-root css-8je8zh-MuiTouchRipple-root"
          />
        </button>
      </div>
    </form>
  </div>
</body>
`;
